Archive member included to satisfy reference by file (symbol)

/home/erhan/gcc-arm-none-eabi-5_4-2016q2/bin/../lib/gcc/arm-none-eabi/5.4.1/../../../../arm-none-eabi/lib/armv7e-m/fpu/libc.a(lib_a-exit.o)
                              /home/erhan/gcc-arm-none-eabi-5_4-2016q2/bin/../lib/gcc/arm-none-eabi/5.4.1/../../../../arm-none-eabi/lib/armv7e-m/fpu/crt0.o (exit)
/home/erhan/gcc-arm-none-eabi-5_4-2016q2/bin/../lib/gcc/arm-none-eabi/5.4.1/../../../../arm-none-eabi/lib/armv7e-m/fpu/libc.a(lib_a-impure.o)
                              /home/erhan/gcc-arm-none-eabi-5_4-2016q2/bin/../lib/gcc/arm-none-eabi/5.4.1/../../../../arm-none-eabi/lib/armv7e-m/fpu/libc.a(lib_a-exit.o) (_global_impure_ptr)
/home/erhan/gcc-arm-none-eabi-5_4-2016q2/bin/../lib/gcc/arm-none-eabi/5.4.1/../../../../arm-none-eabi/lib/armv7e-m/fpu/libc.a(lib_a-init.o)
                              /home/erhan/gcc-arm-none-eabi-5_4-2016q2/bin/../lib/gcc/arm-none-eabi/5.4.1/../../../../arm-none-eabi/lib/armv7e-m/fpu/crt0.o (__libc_init_array)
/home/erhan/gcc-arm-none-eabi-5_4-2016q2/bin/../lib/gcc/arm-none-eabi/5.4.1/../../../../arm-none-eabi/lib/armv7e-m/fpu/libc.a(lib_a-memset.o)
                              /home/erhan/gcc-arm-none-eabi-5_4-2016q2/bin/../lib/gcc/arm-none-eabi/5.4.1/../../../../arm-none-eabi/lib/armv7e-m/fpu/crt0.o (memset)
/home/erhan/gcc-arm-none-eabi-5_4-2016q2/bin/../lib/gcc/arm-none-eabi/5.4.1/../../../../arm-none-eabi/lib/armv7e-m/fpu/libc.a(lib_a-__call_atexit.o)
                              /home/erhan/gcc-arm-none-eabi-5_4-2016q2/bin/../lib/gcc/arm-none-eabi/5.4.1/../../../../arm-none-eabi/lib/armv7e-m/fpu/libc.a(lib_a-exit.o) (__call_exitprocs)
/home/erhan/gcc-arm-none-eabi-5_4-2016q2/bin/../lib/gcc/arm-none-eabi/5.4.1/../../../../arm-none-eabi/lib/armv7e-m/fpu/libc.a(lib_a-atexit.o)
                              /home/erhan/gcc-arm-none-eabi-5_4-2016q2/bin/../lib/gcc/arm-none-eabi/5.4.1/../../../../arm-none-eabi/lib/armv7e-m/fpu/libc.a(lib_a-__call_atexit.o) (atexit)
/home/erhan/gcc-arm-none-eabi-5_4-2016q2/bin/../lib/gcc/arm-none-eabi/5.4.1/../../../../arm-none-eabi/lib/armv7e-m/fpu/libc.a(lib_a-fini.o)
                              /home/erhan/gcc-arm-none-eabi-5_4-2016q2/bin/../lib/gcc/arm-none-eabi/5.4.1/../../../../arm-none-eabi/lib/armv7e-m/fpu/libc.a(lib_a-__call_atexit.o) (__libc_fini_array)
/home/erhan/gcc-arm-none-eabi-5_4-2016q2/bin/../lib/gcc/arm-none-eabi/5.4.1/../../../../arm-none-eabi/lib/armv7e-m/fpu/libc.a(lib_a-__atexit.o)
                              /home/erhan/gcc-arm-none-eabi-5_4-2016q2/bin/../lib/gcc/arm-none-eabi/5.4.1/../../../../arm-none-eabi/lib/armv7e-m/fpu/libc.a(lib_a-atexit.o) (__register_exitproc)
/home/erhan/gcc-arm-none-eabi-5_4-2016q2/bin/../lib/gcc/arm-none-eabi/5.4.1/../../../../arm-none-eabi/lib/armv7e-m/fpu/libnosys.a(_exit.o)
                              /home/erhan/gcc-arm-none-eabi-5_4-2016q2/bin/../lib/gcc/arm-none-eabi/5.4.1/../../../../arm-none-eabi/lib/armv7e-m/fpu/libc.a(lib_a-exit.o) (_exit)

Discarded input sections

 .text          0x00000000        0x0 /home/erhan/gcc-arm-none-eabi-5_4-2016q2/bin/../lib/gcc/arm-none-eabi/5.4.1/armv7e-m/fpu/crti.o
 .data          0x00000000        0x0 /home/erhan/gcc-arm-none-eabi-5_4-2016q2/bin/../lib/gcc/arm-none-eabi/5.4.1/armv7e-m/fpu/crti.o
 .bss           0x00000000        0x0 /home/erhan/gcc-arm-none-eabi-5_4-2016q2/bin/../lib/gcc/arm-none-eabi/5.4.1/armv7e-m/fpu/crti.o
 .data          0x00000000        0x4 /home/erhan/gcc-arm-none-eabi-5_4-2016q2/bin/../lib/gcc/arm-none-eabi/5.4.1/armv7e-m/fpu/crtbegin.o
 .text          0x00000000       0x74 /home/erhan/gcc-arm-none-eabi-5_4-2016q2/bin/../lib/gcc/arm-none-eabi/5.4.1/../../../../arm-none-eabi/lib/armv7e-m/fpu/crt0.o
 .data          0x00000000        0x0 /home/erhan/gcc-arm-none-eabi-5_4-2016q2/bin/../lib/gcc/arm-none-eabi/5.4.1/../../../../arm-none-eabi/lib/armv7e-m/fpu/crt0.o
 .bss           0x00000000        0x0 /home/erhan/gcc-arm-none-eabi-5_4-2016q2/bin/../lib/gcc/arm-none-eabi/5.4.1/../../../../arm-none-eabi/lib/armv7e-m/fpu/crt0.o
 .ARM.extab     0x00000000        0x0 /home/erhan/gcc-arm-none-eabi-5_4-2016q2/bin/../lib/gcc/arm-none-eabi/5.4.1/../../../../arm-none-eabi/lib/armv7e-m/fpu/crt0.o
 .ARM.exidx     0x00000000        0x8 /home/erhan/gcc-arm-none-eabi-5_4-2016q2/bin/../lib/gcc/arm-none-eabi/5.4.1/../../../../arm-none-eabi/lib/armv7e-m/fpu/crt0.o
 .ARM.attributes
                0x00000000       0x20 /home/erhan/gcc-arm-none-eabi-5_4-2016q2/bin/../lib/gcc/arm-none-eabi/5.4.1/../../../../arm-none-eabi/lib/armv7e-m/fpu/crt0.o
 .text          0x00000000        0x0 Debug/Libraries/STM32F30x_StdPeriph_Driver/src/stm32f30x_comp.o
 .data          0x00000000        0x0 Debug/Libraries/STM32F30x_StdPeriph_Driver/src/stm32f30x_comp.o
 .bss           0x00000000        0x0 Debug/Libraries/STM32F30x_StdPeriph_Driver/src/stm32f30x_comp.o
 .text.COMP_DeInit
                0x00000000       0x24 Debug/Libraries/STM32F30x_StdPeriph_Driver/src/stm32f30x_comp.o
 .text.COMP_Init
[...]
Memory Configuration

Name             Origin             Length             Attributes
FLASH            0x08000000         0x00080000         xr
RAM              0x20000000         0x00010000         xrw
MEMORY_B1        0x60000000         0x00000000         xr
CCMRAM           0x10000000         0x00002000         rw
*default*        0x00000000         0xffffffff

Linker script and memory map

LOAD /home/erhan/gcc-arm-none-eabi-5_4-2016q2/bin/../lib/gcc/arm-none-eabi/5.4.1/armv7e-m/fpu/crti.o
LOAD /home/erhan/gcc-arm-none-eabi-5_4-2016q2/bin/../lib/gcc/arm-none-eabi/5.4.1/armv7e-m/fpu/crtbegin.o
LOAD /home/erhan/gcc-arm-none-eabi-5_4-2016q2/bin/../lib/gcc/arm-none-eabi/5.4.1/../../../../arm-none-eabi/lib/armv7e-m/fpu/crt0.o
LOAD Debug/Libraries/STM32F30x_StdPeriph_Driver/src/stm32f30x_comp.o
LOAD Debug/Libraries/STM32F30x_StdPeriph_Driver/src/stm32f30x_misc.o
LOAD Debug/Libraries/STM32F30x_StdPeriph_Driver/src/stm32f30x_dma.o
LOAD Debug/Libraries/STM32F30x_StdPeriph_Driver/src/stm32f30x_dbgmcu.o
LOAD Debug/Libraries/STM32F30x_StdPeriph_Driver/src/stm32f30x_hrtim.o
LOAD Debug/Libraries/STM32F30x_StdPeriph_Driver/src/stm32f30x_can.o
LOAD Debug/Libraries/STM32F30x_StdPeriph_Driver/src/stm32f30x_opamp.o
LOAD Debug/Libraries/STM32F30x_StdPeriph_Driver/src/stm32f30x_pwr.o
LOAD Debug/Libraries/STM32F30x_StdPeriph_Driver/src/stm32f30x_i2c.o
LOAD Debug/Libraries/STM32F30x_StdPeriph_Driver/src/stm32f30x_crc.o
LOAD Debug/Libraries/STM32F30x_StdPeriph_Driver/src/stm32f30x_fmc.o
LOAD Debug/Libraries/STM32F30x_StdPeriph_Driver/src/stm32f30x_rcc.o
LOAD Debug/Libraries/STM32F30x_StdPeriph_Driver/src/stm32f30x_flash.o
LOAD Debug/Libraries/STM32F30x_StdPeriph_Driver/src/stm32f30x_syscfg.o
LOAD Debug/Libraries/STM32F30x_StdPeriph_Driver/src/stm32f30x_exti.o
LOAD Debug/Libraries/STM32F30x_StdPeriph_Driver/src/stm32f30x_spi.o
LOAD Debug/Libraries/STM32F30x_StdPeriph_Driver/src/stm32f30x_usart.o
LOAD Debug/Libraries/STM32F30x_StdPeriph_Driver/src/stm32f30x_dac.o
LOAD Debug/Libraries/STM32F30x_StdPeriph_Driver/src/stm32f30x_rtc.o
LOAD Debug/Libraries/STM32F30x_StdPeriph_Driver/src/stm32f30x_tim.o
LOAD Debug/Libraries/STM32F30x_StdPeriph_Driver/src/stm32f30x_iwdg.o
LOAD Debug/Libraries/STM32F30x_StdPeriph_Driver/src/stm32f30x_adc.o
LOAD Debug/Libraries/STM32F30x_StdPeriph_Driver/src/stm32f30x_wwdg.o
LOAD Debug/Libraries/STM32F30x_StdPeriph_Driver/src/stm32f30x_gpio.o
LOAD Debug/src/main.o
LOAD Debug/src/stm32f30x_it.o
LOAD Debug/src/system_stm32f30x.o
LOAD Debug/src/startup_stm32f303xe.o
LOAD /home/erhan/gcc-arm-none-eabi-5_4-2016q2/bin/../lib/gcc/arm-none-eabi/5.4.1/../../../../arm-none-eabi/lib/armv7e-m/fpu/libm.a
START GROUP
LOAD /home/erhan/gcc-arm-none-eabi-5_4-2016q2/bin/../lib/gcc/arm-none-eabi/5.4.1/../../../../arm-none-eabi/lib/armv7e-m/fpu/libc.a
LOAD /home/erhan/gcc-arm-none-eabi-5_4-2016q2/bin/../lib/gcc/arm-none-eabi/5.4.1/../../../../arm-none-eabi/lib/armv7e-m/fpu/libm.a
END GROUP
                0x00001000                malloc_getpagesize_P = 0x1000
START GROUP
LOAD /home/erhan/gcc-arm-none-eabi-5_4-2016q2/bin/../lib/gcc/arm-none-eabi/5.4.1/armv7e-m/fpu/libgcc.a
LOAD /home/erhan/gcc-arm-none-eabi-5_4-2016q2/bin/../lib/gcc/arm-none-eabi/5.4.1/../../../../arm-none-eabi/lib/armv7e-m/fpu/libc.a
END GROUP
START GROUP
LOAD /home/erhan/gcc-arm-none-eabi-5_4-2016q2/bin/../lib/gcc/arm-none-eabi/5.4.1/armv7e-m/fpu/libgcc.a
LOAD /home/erhan/gcc-arm-none-eabi-5_4-2016q2/bin/../lib/gcc/arm-none-eabi/5.4.1/../../../../arm-none-eabi/lib/armv7e-m/fpu/libc.a
LOAD /home/erhan/gcc-arm-none-eabi-5_4-2016q2/bin/../lib/gcc/arm-none-eabi/5.4.1/../../../../arm-none-eabi/lib/armv7e-m/fpu/libnosys.a
END GROUP
LOAD /home/erhan/gcc-arm-none-eabi-5_4-2016q2/bin/../lib/gcc/arm-none-eabi/5.4.1/armv7e-m/fpu/crtend.o
LOAD /home/erhan/gcc-arm-none-eabi-5_4-2016q2/bin/../lib/gcc/arm-none-eabi/5.4.1/armv7e-m/fpu/crtn.o
                0x20010000                _estack = 0x20010000
                0x00000000                _Min_Heap_Size = 0x0
                0x00000200                _Min_Stack_Size = 0x200

.isr_vector     0x08000000      0x188
                0x08000000                . = ALIGN (0x4)
 *(.isr_vector)
 .isr_vector    0x08000000      0x188 Debug/src/startup_stm32f303xe.o
                0x08000000                g_pfnVectors
                0x08000188                . = ALIGN (0x4)

.text           0x08000188      0x5e0
                0x08000188                . = ALIGN (0x4)
 *(.text)
 .text          0x08000188       0x5c /home/erhan/gcc-arm-none-eabi-5_4-2016q2/bin/../lib/gcc/arm-none-eabi/5.4.1/armv7e-m/fpu/crtbegin.o
 *(.text*)
 .text.RCC_AHBPeriphClockCmd
                0x080001e4       0x40 Debug/Libraries/STM32F30x_StdPeriph_Driver/src/stm32f30x_rcc.o
                0x080001e4                RCC_AHBPeriphClockCmd
 .text.GPIO_Init
                0x08000224      0x138 Debug/Libraries/STM32F30x_StdPeriph_Driver/src/stm32f30x_gpio.o
                0x08000224                GPIO_Init
 .text.GPIO_SetBits
                0x0800035c       0x20 Debug/Libraries/STM32F30x_StdPeriph_Driver/src/stm32f30x_gpio.o
                0x0800035c                GPIO_SetBits
 .text.GPIO_ResetBits
                0x0800037c       0x20 Debug/Libraries/STM32F30x_StdPeriph_Driver/src/stm32f30x_gpio.o
                0x0800037c                GPIO_ResetBits
 .text.main     0x0800039c       0x50 Debug/src/main.o
                0x0800039c                main
 .text.Delay_us
                0x080003ec       0x28 Debug/src/main.o
                0x080003ec                Delay_us
 .text.Delay_ms
                0x08000414       0x20 Debug/src/main.o
                0x08000414                Delay_ms
 .text.NMI_Handler
                0x08000434       0x10 Debug/src/stm32f30x_it.o
                0x08000434                NMI_Handler
 .text.HardFault_Handler
                0x08000444        0x8 Debug/src/stm32f30x_it.o
                0x08000444                HardFault_Handler
 .text.MemManage_Handler
                0x0800044c        0x8 Debug/src/stm32f30x_it.o
                0x0800044c                MemManage_Handler
 .text.BusFault_Handler
                0x08000454        0x8 Debug/src/stm32f30x_it.o
                0x08000454                BusFault_Handler
 .text.UsageFault_Handler
                0x0800045c        0x8 Debug/src/stm32f30x_it.o
                0x0800045c                UsageFault_Handler
 .text.SVC_Handler
                0x08000464       0x10 Debug/src/stm32f30x_it.o
                0x08000464                SVC_Handler
 .text.DebugMon_Handler
                0x08000474       0x10 Debug/src/stm32f30x_it.o
                0x08000474                DebugMon_Handler
 .text.PendSV_Handler
                0x08000484       0x10 Debug/src/stm32f30x_it.o
                0x08000484                PendSV_Handler
 .text.SysTick_Handler
                0x08000494       0x10 Debug/src/stm32f30x_it.o
                0x08000494                SysTick_Handler
 .text.SystemInit
                0x080004a4       0x94 Debug/src/system_stm32f30x.o
                0x080004a4                SystemInit
 .text.SetSysClock
                0x08000538       0xe4 Debug/src/system_stm32f30x.o
 .text.Reset_Handler
                0x0800061c       0x44 Debug/src/startup_stm32f303xe.o
                0x0800061c                Reset_Handler
 .text.Default_Handler
                0x08000660        0x2 Debug/src/startup_stm32f303xe.o
                0x08000660                RTC_Alarm_IRQHandler
                0x08000660                TIM8_TRG_COM_IRQHandler
                0x08000660                TIM8_CC_IRQHandler
                0x08000660                TIM1_CC_IRQHandler
                0x08000660                USB_HP_IRQHandler
                0x08000660                PVD_IRQHandler
                0x08000660                EXTI3_IRQHandler
                0x08000660                EXTI0_IRQHandler
                0x08000660                I2C2_EV_IRQHandler
                0x08000660                FPU_IRQHandler
                0x08000660                EXTI2_TS_IRQHandler
                0x08000660                TIM1_UP_TIM16_IRQHandler
                0x08000660                ADC1_2_IRQHandler
                0x08000660                SPI1_IRQHandler
                0x08000660                TIM6_DAC_IRQHandler
                0x08000660                TIM8_UP_IRQHandler
                0x08000660                DMA2_Channel2_IRQHandler
                0x08000660                DMA1_Channel4_IRQHandler
                0x08000660                USART3_IRQHandler
                0x08000660                DMA1_Channel7_IRQHandler
                0x08000660                CAN1_RX1_IRQHandler
                0x08000660                UART5_IRQHandler
                0x08000660                ADC3_IRQHandler
                0x08000660                TIM4_IRQHandler
                0x08000660                DMA2_Channel1_IRQHandler
                0x08000660                I2C1_EV_IRQHandler
                0x08000660                DMA1_Channel6_IRQHandler
                0x08000660                UART4_IRQHandler
                0x08000660                DMA2_Channel4_IRQHandler
                0x08000660                TIM3_IRQHandler
                0x08000660                RCC_IRQHandler
                0x08000660                DMA1_Channel1_IRQHandler
                0x08000660                Default_Handler
                0x08000660                USBWakeUp_RMP_IRQHandler
                0x08000660                EXTI15_10_IRQHandler
                0x08000660                TIM7_IRQHandler
                0x08000660                EXTI9_5_IRQHandler
                0x08000660                TAMPER_STAMP_IRQHandler
                0x08000660                RTC_WKUP_IRQHandler
                0x08000660                SPI2_IRQHandler
                0x08000660                DMA2_Channel5_IRQHandler
                0x08000660                DMA1_Channel5_IRQHandler
                0x08000660                USB_LP_IRQHandler
                0x08000660                EXTI4_IRQHandler
                0x08000660                USB_LP_CAN1_RX0_IRQHandler
                0x08000660                TIM1_TRG_COM_TIM17_IRQHandler
                0x08000660                USB_HP_CAN1_TX_IRQHandler
                0x08000660                DMA1_Channel3_IRQHandler
                0x08000660                ADC4_IRQHandler
                0x08000660                WWDG_IRQHandler
                0x08000660                TIM2_IRQHandler
                0x08000660                COMP7_IRQHandler
                0x08000660                COMP1_2_3_IRQHandler
                0x08000660                EXTI1_IRQHandler
                0x08000660                USART2_IRQHandler
                0x08000660                COMP4_5_6_IRQHandler
                0x08000660                I2C2_ER_IRQHandler
                0x08000660                DMA1_Channel2_IRQHandler
                0x08000660                TIM8_BRK_IRQHandler
                0x08000660                CAN1_SCE_IRQHandler
                0x08000660                FLASH_IRQHandler
                0x08000660                USART1_IRQHandler
                0x08000660                SPI3_IRQHandler
                0x08000660                I2C1_ER_IRQHandler
                0x08000660                USBWakeUp_IRQHandler
                0x08000660                DMA2_Channel3_IRQHandler
                0x08000660                TIM1_BRK_TIM15_IRQHandler
 *fill*         0x08000662        0x2 
 .text.startup.register_fini
                0x08000664       0x14 /home/erhan/gcc-arm-none-eabi-5_4-2016q2/bin/../lib/gcc/arm-none-eabi/5.4.1/../../../../arm-none-eabi/lib/armv7e-m/fpu/libc.a(lib_a-__call_atexit.o)
 .text.atexit   0x08000678        0xc /home/erhan/gcc-arm-none-eabi-5_4-2016q2/bin/../lib/gcc/arm-none-eabi/5.4.1/../../../../arm-none-eabi/lib/armv7e-m/fpu/libc.a(lib_a-atexit.o)
                0x08000678                atexit
 .text.__libc_fini_array
                0x08000684       0x28 /home/erhan/gcc-arm-none-eabi-5_4-2016q2/bin/../lib/gcc/arm-none-eabi/5.4.1/../../../../arm-none-eabi/lib/armv7e-m/fpu/libc.a(lib_a-fini.o)
                0x08000684                __libc_fini_array
 .text.__register_exitproc
                0x080006ac       0xa4 /home/erhan/gcc-arm-none-eabi-5_4-2016q2/bin/../lib/gcc/arm-none-eabi/5.4.1/../../../../arm-none-eabi/lib/armv7e-m/fpu/libc.a(lib_a-__atexit.o)
                0x080006ac                __register_exitproc
 *(.glue_7)
 .glue_7        0x08000750        0x0 linker stubs
 *(.glue_7t)
 .glue_7t       0x08000750        0x0 linker stubs
 *(.eh_frame)
 .eh_frame      0x08000750        0x0 /home/erhan/gcc-arm-none-eabi-5_4-2016q2/bin/../lib/gcc/arm-none-eabi/5.4.1/armv7e-m/fpu/crtbegin.o
 *(.init)
 .init          0x08000750        0x4 /home/erhan/gcc-arm-none-eabi-5_4-2016q2/bin/../lib/gcc/arm-none-eabi/5.4.1/armv7e-m/fpu/crti.o
                0x08000750                _init
 .init          0x08000754        0x8 /home/erhan/gcc-arm-none-eabi-5_4-2016q2/bin/../lib/gcc/arm-none-eabi/5.4.1/armv7e-m/fpu/crtn.o
 *(.fini)
 .fini          0x0800075c        0x4 /home/erhan/gcc-arm-none-eabi-5_4-2016q2/bin/../lib/gcc/arm-none-eabi/5.4.1/armv7e-m/fpu/crti.o
                0x0800075c                _fini
 .fini          0x08000760        0x8 /home/erhan/gcc-arm-none-eabi-5_4-2016q2/bin/../lib/gcc/arm-none-eabi/5.4.1/armv7e-m/fpu/crtn.o
                0x08000768                . = ALIGN (0x4)
                0x08000768                _etext = .

.vfp11_veneer   0x08000768        0x0
 .vfp11_veneer  0x08000768        0x0 linker stubs

.v4_bx          0x08000768        0x0
 .v4_bx         0x08000768        0x0 linker stubs

.iplt           0x08000768        0x0
 .iplt          0x08000768        0x0 /home/erhan/gcc-arm-none-eabi-5_4-2016q2/bin/../lib/gcc/arm-none-eabi/5.4.1/armv7e-m/fpu/crtbegin.o

.rodata         0x08000768        0x8
                0x08000768                . = ALIGN (0x4)
 *(.rodata)
 *(.rodata*)
 .rodata.str1.4
                0x08000768        0x4 /home/erhan/gcc-arm-none-eabi-5_4-2016q2/bin/../lib/gcc/arm-none-eabi/5.4.1/../../../../arm-none-eabi/lib/armv7e-m/fpu/libc.a(lib_a-impure.o)
                                  0x2 (size before relaxing)
 .rodata._global_impure_ptr
                0x0800076c        0x4 /home/erhan/gcc-arm-none-eabi-5_4-2016q2/bin/../lib/gcc/arm-none-eabi/5.4.1/../../../../arm-none-eabi/lib/armv7e-m/fpu/libc.a(lib_a-impure.o)
                0x0800076c                _global_impure_ptr
                0x08000770                . = ALIGN (0x4)

.rel.dyn        0x08000770        0x0
 .rel.iplt      0x08000770        0x0 /home/erhan/gcc-arm-none-eabi-5_4-2016q2/bin/../lib/gcc/arm-none-eabi/5.4.1/armv7e-m/fpu/crtbegin.o

.ARM.extab
 *(.ARM.extab* .gnu.linkonce.armextab.*)

.ARM            0x08000770        0x0
                0x08000770                __exidx_start = .
 *(.ARM.exidx*)
                0x08000770                __exidx_end = .

.preinit_array  0x08000770        0x0
                0x08000770                PROVIDE (__preinit_array_start, .)
 *(.preinit_array*)
                0x08000770                PROVIDE (__preinit_array_end, .)

.init_array     0x08000770        0x8
                0x08000770                PROVIDE (__init_array_start, .)
 *(SORT(.init_array.*))
 .init_array.00000
                0x08000770        0x4 /home/erhan/gcc-arm-none-eabi-5_4-2016q2/bin/../lib/gcc/arm-none-eabi/5.4.1/../../../../arm-none-eabi/lib/armv7e-m/fpu/libc.a(lib_a-__call_atexit.o)
 *(.init_array*)
 .init_array    0x08000774        0x4 /home/erhan/gcc-arm-none-eabi-5_4-2016q2/bin/../lib/gcc/arm-none-eabi/5.4.1/armv7e-m/fpu/crtbegin.o
                0x08000778                PROVIDE (__init_array_end, .)

.fini_array     0x08000778        0x4
                0x08000778                PROVIDE (__fini_array_start, .)
 *(SORT(.fini_array.*))
 *(.fini_array*)
 .fini_array    0x08000778        0x4 /home/erhan/gcc-arm-none-eabi-5_4-2016q2/bin/../lib/gcc/arm-none-eabi/5.4.1/armv7e-m/fpu/crtbegin.o
                0x0800077c                PROVIDE (__fini_array_end, .)
                0x0800077c                _sidata = LOADADDR (.data)

.data           0x20000000      0x428 load address 0x0800077c
                0x20000000                . = ALIGN (0x4)
                0x20000000                _sdata = .
 *(.data)
 *(.data*)
 .data.impure_data
                0x20000000      0x428 /home/erhan/gcc-arm-none-eabi-5_4-2016q2/bin/../lib/gcc/arm-none-eabi/5.4.1/../../../../arm-none-eabi/lib/armv7e-m/fpu/libc.a(lib_a-impure.o)
                0x20000428                . = ALIGN (0x4)
                0x20000428                _edata = .
                0x08000ba4                _siccmram = LOADADDR (.ccmram)

.jcr            0x20000428        0x0 load address 0x08000ba4
 .jcr           0x20000428        0x0 /home/erhan/gcc-arm-none-eabi-5_4-2016q2/bin/../lib/gcc/arm-none-eabi/5.4.1/armv7e-m/fpu/crtbegin.o

.igot.plt       0x20000428        0x0 load address 0x08000ba4
 .igot.plt      0x20000428        0x0 /home/erhan/gcc-arm-none-eabi-5_4-2016q2/bin/../lib/gcc/arm-none-eabi/5.4.1/armv7e-m/fpu/crtbegin.o

.ccmram         0x10000000        0x0 load address 0x08000ba4
                0x10000000                . = ALIGN (0x4)
                0x10000000                _sccmram = .
 *(.ccmram)
 *(.ccmram*)
                0x10000000                . = ALIGN (0x4)
                0x10000000                _eccmram = .
                0x10000000                . = ALIGN (0x4)

.bss            0x20000428       0x1c
                0x20000428                _sbss = .
                0x20000428                __bss_start__ = _sbss
 *(.bss)
 .bss           0x20000428       0x1c /home/erhan/gcc-arm-none-eabi-5_4-2016q2/bin/../lib/gcc/arm-none-eabi/5.4.1/armv7e-m/fpu/crtbegin.o
 *(.bss*)
 *(COMMON)
                0x20000444                . = ALIGN (0x4)
                0x20000444                _ebss = .
                0x20000444                __bss_end__ = _ebss

._user_heap_stack
                0x20000444      0x200
                0x20000444                . = ALIGN (0x4)
                [!provide]                PROVIDE (end, .)
                [!provide]                PROVIDE (_end, .)
                0x20000444                . = (. + _Min_Heap_Size)
                0x20000644                . = (. + _Min_Stack_Size)
 *fill*         0x20000444      0x200 
                0x20000644                . = ALIGN (0x4)

.memory_b1_text
 *(.mb1text)
 *(.mb1text*)
 *(.mb1rodata)
 *(.mb1rodata*)

/DISCARD/
 libc.a(*)
 libm.a(*)
 libgcc.a(*)

.ARM.attributes
                0x00000000       0x30
 *(.ARM.attributes)
 .ARM.attributes
                0x00000000       0x22 /home/erhan/gcc-arm-none-eabi-5_4-2016q2/bin/../lib/gcc/arm-none-eabi/5.4.1/armv7e-m/fpu/crti.o
 .ARM.attributes
                0x00000022       0x34 /home/erhan/gcc-arm-none-eabi-5_4-2016q2/bin/../lib/gcc/arm-none-eabi/5.4.1/armv7e-m/fpu/crtbegin.o
 .ARM.attributes
                0x00000056       0x39 Debug/Libraries/STM32F30x_StdPeriph_Driver/src/stm32f30x_rcc.o
 .ARM.attributes
                0x0000008f       0x39 Debug/Libraries/STM32F30x_StdPeriph_Driver/src/stm32f30x_gpio.o
 .ARM.attributes
                0x000000c8       0x39 Debug/src/main.o
 .ARM.attributes
                0x00000101       0x39 Debug/src/stm32f30x_it.o
 .ARM.attributes
                0x0000013a       0x39 Debug/src/system_stm32f30x.o
 .ARM.attributes
                0x00000173       0x21 Debug/src/startup_stm32f303xe.o
 .ARM.attributes
                0x00000194       0x34 /home/erhan/gcc-arm-none-eabi-5_4-2016q2/bin/../lib/gcc/arm-none-eabi/5.4.1/../../../../arm-none-eabi/lib/armv7e-m/fpu/libc.a(lib_a-impure.o)
 .ARM.attributes
                0x000001c8       0x34 /home/erhan/gcc-arm-none-eabi-5_4-2016q2/bin/../lib/gcc/arm-none-eabi/5.4.1/../../../../arm-none-eabi/lib/armv7e-m/fpu/libc.a(lib_a-__call_atexit.o)
 .ARM.attributes
                0x000001fc       0x34 /home/erhan/gcc-arm-none-eabi-5_4-2016q2/bin/../lib/gcc/arm-none-eabi/5.4.1/../../../../arm-none-eabi/lib/armv7e-m/fpu/libc.a(lib_a-atexit.o)
 .ARM.attributes
                0x00000230       0x34 /home/erhan/gcc-arm-none-eabi-5_4-2016q2/bin/../lib/gcc/arm-none-eabi/5.4.1/../../../../arm-none-eabi/lib/armv7e-m/fpu/libc.a(lib_a-fini.o)
 .ARM.attributes
                0x00000264       0x34 /home/erhan/gcc-arm-none-eabi-5_4-2016q2/bin/../lib/gcc/arm-none-eabi/5.4.1/../../../../arm-none-eabi/lib/armv7e-m/fpu/libc.a(lib_a-__atexit.o)
 .ARM.attributes
                0x00000298       0x22 /home/erhan/gcc-arm-none-eabi-5_4-2016q2/bin/../lib/gcc/arm-none-eabi/5.4.1/armv7e-m/fpu/crtn.o
OUTPUT(Debug/stm32f3_template.elf elf32-littlearm)

.debug_info     0x00000000     0x1ada
 .debug_info    0x00000000      0xb83 Debug/Libraries/STM32F30x_StdPeriph_Driver/src/stm32f30x_rcc.o
 .debug_info    0x00000b83      0x628 Debug/Libraries/STM32F30x_StdPeriph_Driver/src/stm32f30x_gpio.o
 .debug_info    0x000011ab      0x348 Debug/src/main.o
 .debug_info    0x000014f3       0xbf Debug/src/stm32f30x_it.o
 .debug_info    0x000015b2      0x4bf Debug/src/system_stm32f30x.o
 .debug_info    0x00001a71       0x69 Debug/src/startup_stm32f303xe.o

.debug_abbrev   0x00000000      0x680
 .debug_abbrev  0x00000000      0x1e7 Debug/Libraries/STM32F30x_StdPeriph_Driver/src/stm32f30x_rcc.o
 .debug_abbrev  0x000001e7      0x1a9 Debug/Libraries/STM32F30x_StdPeriph_Driver/src/stm32f30x_gpio.o
 .debug_abbrev  0x00000390      0x169 Debug/src/main.o
 .debug_abbrev  0x000004f9       0x2c Debug/src/stm32f30x_it.o
 .debug_abbrev  0x00000525      0x149 Debug/src/system_stm32f30x.o
 .debug_abbrev  0x0000066e       0x12 Debug/src/startup_stm32f303xe.o

.debug_aranges  0x00000000      0x2c0
 .debug_aranges
                0x00000000      0x158 Debug/Libraries/STM32F30x_StdPeriph_Driver/src/stm32f30x_rcc.o
 .debug_aranges
                0x00000158       0x80 Debug/Libraries/STM32F30x_StdPeriph_Driver/src/stm32f30x_gpio.o
 .debug_aranges
                0x000001d8       0x30 Debug/src/main.o
 .debug_aranges
                0x00000208       0x60 Debug/src/stm32f30x_it.o
 .debug_aranges
                0x00000268       0x30 Debug/src/system_stm32f30x.o
 .debug_aranges
                0x00000298       0x28 Debug/src/startup_stm32f303xe.o

.debug_ranges   0x00000000      0x268
 .debug_ranges  0x00000000      0x148 Debug/Libraries/STM32F30x_StdPeriph_Driver/src/stm32f30x_rcc.o
 .debug_ranges  0x00000148       0x70 Debug/Libraries/STM32F30x_StdPeriph_Driver/src/stm32f30x_gpio.o
 .debug_ranges  0x000001b8       0x20 Debug/src/main.o
 .debug_ranges  0x000001d8       0x50 Debug/src/stm32f30x_it.o
 .debug_ranges  0x00000228       0x20 Debug/src/system_stm32f30x.o
 .debug_ranges  0x00000248       0x20 Debug/src/startup_stm32f303xe.o

.debug_line     0x00000000      0xdaf
 .debug_line    0x00000000      0x5e3 Debug/Libraries/STM32F30x_StdPeriph_Driver/src/stm32f30x_rcc.o
 .debug_line    0x000005e3      0x303 Debug/Libraries/STM32F30x_StdPeriph_Driver/src/stm32f30x_gpio.o
 .debug_line    0x000008e6      0x1ba Debug/src/main.o
 .debug_line    0x00000aa0       0xda Debug/src/stm32f30x_it.o
 .debug_line    0x00000b7a      0x1c0 Debug/src/system_stm32f30x.o
 .debug_line    0x00000d3a       0x75 Debug/src/startup_stm32f303xe.o

.debug_str      0x00000000      0xd3d
 .debug_str     0x00000000      0x87b Debug/Libraries/STM32F30x_StdPeriph_Driver/src/stm32f30x_rcc.o
                                0x91e (size before relaxing)
 .debug_str     0x0000087b      0x31e Debug/Libraries/STM32F30x_StdPeriph_Driver/src/stm32f30x_gpio.o
                                0x4fe (size before relaxing)
 .debug_str     0x00000b99       0x35 Debug/src/main.o
                                0x38d (size before relaxing)
 .debug_str     0x00000bce       0xa3 Debug/src/stm32f30x_it.o
                                0x17d (size before relaxing)
 .debug_str     0x00000c71       0xcc Debug/src/system_stm32f30x.o
                                0x33b (size before relaxing)

.comment        0x00000000       0x6e
 .comment       0x00000000       0x6e Debug/Libraries/STM32F30x_StdPeriph_Driver/src/stm32f30x_rcc.o
                                 0x6f (size before relaxing)
 .comment       0x0000006e       0x6f Debug/Libraries/STM32F30x_StdPeriph_Driver/src/stm32f30x_gpio.o
 .comment       0x0000006e       0x6f Debug/src/main.o
 .comment       0x0000006e       0x6f Debug/src/stm32f30x_it.o
 .comment       0x0000006e       0x6f Debug/src/system_stm32f30x.o

.debug_frame    0x00000000      0xb28
 .debug_frame   0x00000000      0x634 Debug/Libraries/STM32F30x_StdPeriph_Driver/src/stm32f30x_rcc.o
 .debug_frame   0x00000634      0x214 Debug/Libraries/STM32F30x_StdPeriph_Driver/src/stm32f30x_gpio.o
 .debug_frame   0x00000848       0x7c Debug/src/main.o
 .debug_frame   0x000008c4      0x110 Debug/src/stm32f30x_it.o
 .debug_frame   0x000009d4       0x7c Debug/src/system_stm32f30x.o
 .debug_frame   0x00000a50       0x50 /home/erhan/gcc-arm-none-eabi-5_4-2016q2/bin/../lib/gcc/arm-none-eabi/5.4.1/../../../../arm-none-eabi/lib/armv7e-m/fpu/libc.a(lib_a-__call_atexit.o)
 .debug_frame   0x00000aa0       0x20 /home/erhan/gcc-arm-none-eabi-5_4-2016q2/bin/../lib/gcc/arm-none-eabi/5.4.1/../../../../arm-none-eabi/lib/armv7e-m/fpu/libc.a(lib_a-atexit.o)
 .debug_frame   0x00000ac0       0x34 /home/erhan/gcc-arm-none-eabi-5_4-2016q2/bin/../lib/gcc/arm-none-eabi/5.4.1/../../../../arm-none-eabi/lib/armv7e-m/fpu/libc.a(lib_a-fini.o)
 .debug_frame   0x00000af4       0x34 /home/erhan/gcc-arm-none-eabi-5_4-2016q2/bin/../lib/gcc/arm-none-eabi/5.4.1/../../../../arm-none-eabi/lib/armv7e-m/fpu/libc.a(lib_a-__atexit.o)

Cross Reference Table

Symbol                                            File
ADC1_2_IRQHandler                                 Debug/src/startup_stm32f303xe.o
ADC3_IRQHandler                                   Debug/src/startup_stm32f303xe.o
ADC4_IRQHandler                                   Debug/src/startup_stm32f303xe.o
ADC_AnalogWatchdog1SingleChannelConfig            Debug/Libraries/STM32F30x_StdPeriph_Driver/src/stm32f30x_adc.o
ADC_AnalogWatchdog1ThresholdsConfig               Debug/Libraries/STM32F30x_StdPeriph_Driver/src/stm32f30x_adc.o
ADC_AnalogWatchdog2SingleChannelConfig            Debug/Libraries/STM32F30x_StdPeriph_Driver/src/stm32f30x_adc.o
ADC_AnalogWatchdog2ThresholdsConfig               Debug/Libraries/STM32F30x_StdPeriph_Driver/src/stm32f30x_adc.o
ADC_AnalogWatchdog3SingleChannelConfig            Debug/Libraries/STM32F30x_StdPeriph_Driver/src/stm32f30x_adc.o
ADC_AnalogWatchdog3ThresholdsConfig               Debug/Libraries/STM32F30x_StdPeriph_Driver/src/stm32f30x_adc.o
ADC_AnalogWatchdogCmd                             Debug/Libraries/STM32F30x_StdPeriph_Driver/src/stm32f30x_adc.o
ADC_AutoDelayCmd                                  Debug/Libraries/STM32F30x_StdPeriph_Driver/src/stm32f30x_adc.o
ADC_AutoInjectedConvCmd                           Debug/Libraries/STM32F30x_StdPeriph_Driver/src/stm32f30x_adc.o
ADC_ChannelOffset1Cmd                             Debug/Libraries/STM32F30x_StdPeriph_Driver/src/stm32f30x_adc.o
ADC_ChannelOffset2Cmd                             Debug/Libraries/STM32F30x_StdPeriph_Driver/src/stm32f30x_adc.o
ADC_ChannelOffset3Cmd                             Debug/Libraries/STM32F30x_StdPeriph_Driver/src/stm32f30x_adc.o
ADC_ChannelOffset4Cmd                             Debug/Libraries/STM32F30x_StdPeriph_Driver/src/stm32f30x_adc.o
ADC_ClearCommonFlag                               Debug/Libraries/STM32F30x_StdPeriph_Driver/src/stm32f30x_adc.o
ADC_ClearFlag                                     Debug/Libraries/STM32F30x_StdPeriph_Driver/src/stm32f30x_adc.o
ADC_ClearITPendingBit                             Debug/Libraries/STM32F30x_StdPeriph_Driver/src/stm32f30x_adc.o
ADC_Cmd                                           Debug/Libraries/STM32F30x_StdPeriph_Driver/src/stm32f30x_adc.o
ADC_CommonInit                                    Debug/Libraries/STM32F30x_StdPeriph_Driver/src/stm32f30x_adc.o
ADC_CommonStructInit                              Debug/Libraries/STM32F30x_StdPeriph_Driver/src/stm32f30x_adc.o
ADC_DMACmd                                        Debug/Libraries/STM32F30x_StdPeriph_Driver/src/stm32f30x_adc.o
ADC_DMAConfig                                     Debug/Libraries/STM32F30x_StdPeriph_Driver/src/stm32f30x_adc.o
ADC_DeInit                                        Debug/Libraries/STM32F30x_StdPeriph_Driver/src/stm32f30x_adc.o
ADC_DisableCmd                                    Debug/Libraries/STM32F30x_StdPeriph_Driver/src/stm32f30x_adc.o
ADC_DiscModeChannelCountConfig                    Debug/Libraries/STM32F30x_StdPeriph_Driver/src/stm32f30x_adc.o
ADC_DiscModeCmd                                   Debug/Libraries/STM32F30x_StdPeriph_Driver/src/stm32f30x_adc.o
ADC_ExternalTriggerConfig                         Debug/Libraries/STM32F30x_StdPeriph_Driver/src/stm32f30x_adc.o
ADC_GetCalibrationStatus                          Debug/Libraries/STM32F30x_StdPeriph_Driver/src/stm32f30x_adc.o
ADC_GetCalibrationValue                           Debug/Libraries/STM32F30x_StdPeriph_Driver/src/stm32f30x_adc.o
ADC_GetCommonFlagStatus                           Debug/Libraries/STM32F30x_StdPeriph_Driver/src/stm32f30x_adc.o
ADC_GetConversionValue                            Debug/Libraries/STM32F30x_StdPeriph_Driver/src/stm32f30x_adc.o
ADC_GetDisableCmdStatus                           Debug/Libraries/STM32F30x_StdPeriph_Driver/src/stm32f30x_adc.o
ADC_GetDualModeConversionValue                    Debug/Libraries/STM32F30x_StdPeriph_Driver/src/stm32f30x_adc.o
ADC_GetFlagStatus                                 Debug/Libraries/STM32F30x_StdPeriph_Driver/src/stm32f30x_adc.o
ADC_GetITStatus                                   Debug/Libraries/STM32F30x_StdPeriph_Driver/src/stm32f30x_adc.o
ADC_GetInjectedConversionValue                    Debug/Libraries/STM32F30x_StdPeriph_Driver/src/stm32f30x_adc.o
ADC_GetStartConversionStatus                      Debug/Libraries/STM32F30x_StdPeriph_Driver/src/stm32f30x_adc.o
ADC_GetStartInjectedConversionStatus              Debug/Libraries/STM32F30x_StdPeriph_Driver/src/stm32f30x_adc.o
ADC_ITConfig                                      Debug/Libraries/STM32F30x_StdPeriph_Driver/src/stm32f30x_adc.o
ADC_Init                                          Debug/Libraries/STM32F30x_StdPeriph_Driver/src/stm32f30x_adc.o
ADC_InjectedChannelSampleTimeConfig               Debug/Libraries/STM32F30x_StdPeriph_Driver/src/stm32f30x_adc.o
ADC_InjectedDiscModeCmd                           Debug/Libraries/STM32F30x_StdPeriph_Driver/src/stm32f30x_adc.o
ADC_InjectedInit                                  Debug/Libraries/STM32F30x_StdPeriph_Driver/src/stm32f30x_adc.o
ADC_InjectedStructInit                            Debug/Libraries/STM32F30x_StdPeriph_Driver/src/stm32f30x_adc.o
ADC_RegularChannelConfig                          Debug/Libraries/STM32F30x_StdPeriph_Driver/src/stm32f30x_adc.o
ADC_RegularChannelSequencerLengthConfig           Debug/Libraries/STM32F30x_StdPeriph_Driver/src/stm32f30x_adc.o
ADC_SelectCalibrationMode                         Debug/Libraries/STM32F30x_StdPeriph_Driver/src/stm32f30x_adc.o
ADC_SelectDifferentialMode                        Debug/Libraries/STM32F30x_StdPeriph_Driver/src/stm32f30x_adc.o
ADC_SelectQueueOfContextMode                      Debug/Libraries/STM32F30x_StdPeriph_Driver/src/stm32f30x_adc.o
ADC_SetCalibrationValue                           Debug/Libraries/STM32F30x_StdPeriph_Driver/src/stm32f30x_adc.o
ADC_SetChannelOffset1                             Debug/Libraries/STM32F30x_StdPeriph_Driver/src/stm32f30x_adc.o
ADC_SetChannelOffset2                             Debug/Libraries/STM32F30x_StdPeriph_Driver/src/stm32f30x_adc.o
ADC_SetChannelOffset3                             Debug/Libraries/STM32F30x_StdPeriph_Driver/src/stm32f30x_adc.o
ADC_SetChannelOffset4                             Debug/Libraries/STM32F30x_StdPeriph_Driver/src/stm32f30x_adc.o
ADC_StartCalibration                              Debug/Libraries/STM32F30x_StdPeriph_Driver/src/stm32f30x_adc.o
ADC_StartConversion                               Debug/Libraries/STM32F30x_StdPeriph_Driver/src/stm32f30x_adc.o
ADC_StartInjectedConversion                       Debug/Libraries/STM32F30x_StdPeriph_Driver/src/stm32f30x_adc.o
ADC_StopConversion                                Debug/Libraries/STM32F30x_StdPeriph_Driver/src/stm32f30x_adc.o
ADC_StopInjectedConversion                        Debug/Libraries/STM32F30x_StdPeriph_Driver/src/stm32f30x_adc.o
ADC_StructInit                                    Debug/Libraries/STM32F30x_StdPeriph_Driver/src/stm32f30x_adc.o
ADC_TempSensorCmd                                 Debug/Libraries/STM32F30x_StdPeriph_Driver/src/stm32f30x_adc.o
ADC_VbatCmd                                       Debug/Libraries/STM32F30x_StdPeriph_Driver/src/stm32f30x_adc.o
ADC_VoltageRegulatorCmd                           Debug/Libraries/STM32F30x_StdPeriph_Driver/src/stm32f30x_adc.o
ADC_VrefintCmd                                    Debug/Libraries/STM32F30x_StdPeriph_Driver/src/stm32f30x_adc.o
AHBPrescTable                                     Debug/src/system_stm32f30x.o
BusFault_Handler                                  Debug/src/stm32f30x_it.o
CAN1_RX1_IRQHandler                               Debug/src/startup_stm32f303xe.o
CAN1_SCE_IRQHandler                               Debug/src/startup_stm32f303xe.o
CAN_CancelTransmit                                Debug/Libraries/STM32F30x_StdPeriph_Driver/src/stm32f30x_can.o
CAN_ClearFlag                                     Debug/Libraries/STM32F30x_StdPeriph_Driver/src/stm32f30x_can.o
CAN_ClearITPendingBit                             Debug/Libraries/STM32F30x_StdPeriph_Driver/src/stm32f30x_can.o
CAN_DBGFreeze                                     Debug/Libraries/STM32F30x_StdPeriph_Driver/src/stm32f30x_can.o
CAN_DeInit                                        Debug/Libraries/STM32F30x_StdPeriph_Driver/src/stm32f30x_can.o
CAN_FIFORelease                                   Debug/Libraries/STM32F30x_StdPeriph_Driver/src/stm32f30x_can.o
CAN_FilterInit                                    Debug/Libraries/STM32F30x_StdPeriph_Driver/src/stm32f30x_can.o
CAN_GetFlagStatus                                 Debug/Libraries/STM32F30x_StdPeriph_Driver/src/stm32f30x_can.o
CAN_GetITStatus                                   Debug/Libraries/STM32F30x_StdPeriph_Driver/src/stm32f30x_can.o
CAN_GetLSBTransmitErrorCounter                    Debug/Libraries/STM32F30x_StdPeriph_Driver/src/stm32f30x_can.o
CAN_GetLastErrorCode                              Debug/Libraries/STM32F30x_StdPeriph_Driver/src/stm32f30x_can.o
CAN_GetReceiveErrorCounter                        Debug/Libraries/STM32F30x_StdPeriph_Driver/src/stm32f30x_can.o
CAN_ITConfig                                      Debug/Libraries/STM32F30x_StdPeriph_Driver/src/stm32f30x_can.o
CAN_Init                                          Debug/Libraries/STM32F30x_StdPeriph_Driver/src/stm32f30x_can.o
CAN_MessagePending                                Debug/Libraries/STM32F30x_StdPeriph_Driver/src/stm32f30x_can.o
CAN_OperatingModeRequest                          Debug/Libraries/STM32F30x_StdPeriph_Driver/src/stm32f30x_can.o
CAN_Receive                                       Debug/Libraries/STM32F30x_StdPeriph_Driver/src/stm32f30x_can.o
CAN_SlaveStartBank                                Debug/Libraries/STM32F30x_StdPeriph_Driver/src/stm32f30x_can.o
CAN_Sleep                                         Debug/Libraries/STM32F30x_StdPeriph_Driver/src/stm32f30x_can.o
CAN_StructInit                                    Debug/Libraries/STM32F30x_StdPeriph_Driver/src/stm32f30x_can.o
CAN_TTComModeCmd                                  Debug/Libraries/STM32F30x_StdPeriph_Driver/src/stm32f30x_can.o
CAN_Transmit                                      Debug/Libraries/STM32F30x_StdPeriph_Driver/src/stm32f30x_can.o
CAN_TransmitStatus                                Debug/Libraries/STM32F30x_StdPeriph_Driver/src/stm32f30x_can.o
CAN_WakeUp                                        Debug/Libraries/STM32F30x_StdPeriph_Driver/src/stm32f30x_can.o
COMP1_2_3_IRQHandler                              Debug/src/startup_stm32f303xe.o
COMP4_5_6_IRQHandler                              Debug/src/startup_stm32f303xe.o
COMP7_IRQHandler                                  Debug/src/startup_stm32f303xe.o
COMP_Cmd                                          Debug/Libraries/STM32F30x_StdPeriph_Driver/src/stm32f30x_comp.o
COMP_DeInit                                       Debug/Libraries/STM32F30x_StdPeriph_Driver/src/stm32f30x_comp.o
COMP_GetOutputLevel                               Debug/Libraries/STM32F30x_StdPeriph_Driver/src/stm32f30x_comp.o
COMP_Init                                         Debug/Libraries/STM32F30x_StdPeriph_Driver/src/stm32f30x_comp.o
COMP_LockConfig                                   Debug/Libraries/STM32F30x_StdPeriph_Driver/src/stm32f30x_comp.o
COMP_StructInit                                   Debug/Libraries/STM32F30x_StdPeriph_Driver/src/stm32f30x_comp.o
COMP_SwitchCmd                                    Debug/Libraries/STM32F30x_StdPeriph_Driver/src/stm32f30x_comp.o
COMP_WindowCmd                                    Debug/Libraries/STM32F30x_StdPeriph_Driver/src/stm32f30x_comp.o
CRC_CalcBlockCRC                                  Debug/Libraries/STM32F30x_StdPeriph_Driver/src/stm32f30x_crc.o
CRC_CalcCRC                                       Debug/Libraries/STM32F30x_StdPeriph_Driver/src/stm32f30x_crc.o
CRC_CalcCRC16bits                                 Debug/Libraries/STM32F30x_StdPeriph_Driver/src/stm32f30x_crc.o
CRC_CalcCRC8bits                                  Debug/Libraries/STM32F30x_StdPeriph_Driver/src/stm32f30x_crc.o
CRC_DeInit                                        Debug/Libraries/STM32F30x_StdPeriph_Driver/src/stm32f30x_crc.o
CRC_GetCRC                                        Debug/Libraries/STM32F30x_StdPeriph_Driver/src/stm32f30x_crc.o
CRC_GetIDRegister                                 Debug/Libraries/STM32F30x_StdPeriph_Driver/src/stm32f30x_crc.o
CRC_PolynomialSizeSelect                          Debug/Libraries/STM32F30x_StdPeriph_Driver/src/stm32f30x_crc.o
CRC_ResetDR                                       Debug/Libraries/STM32F30x_StdPeriph_Driver/src/stm32f30x_crc.o
CRC_ReverseInputDataSelect                        Debug/Libraries/STM32F30x_StdPeriph_Driver/src/stm32f30x_crc.o
CRC_ReverseOutputDataCmd                          Debug/Libraries/STM32F30x_StdPeriph_Driver/src/stm32f30x_crc.o
CRC_SetIDRegister                                 Debug/Libraries/STM32F30x_StdPeriph_Driver/src/stm32f30x_crc.o
CRC_SetInitRegister                               Debug/Libraries/STM32F30x_StdPeriph_Driver/src/stm32f30x_crc.o
CRC_SetPolynomial                                 Debug/Libraries/STM32F30x_StdPeriph_Driver/src/stm32f30x_crc.o
DAC_ClearFlag                                     Debug/Libraries/STM32F30x_StdPeriph_Driver/src/stm32f30x_dac.o
DAC_ClearITPendingBit                             Debug/Libraries/STM32F30x_StdPeriph_Driver/src/stm32f30x_dac.o
DAC_Cmd                                           Debug/Libraries/STM32F30x_StdPeriph_Driver/src/stm32f30x_dac.o
DAC_DMACmd                                        Debug/Libraries/STM32F30x_StdPeriph_Driver/src/stm32f30x_dac.o
DAC_DeInit                                        Debug/Libraries/STM32F30x_StdPeriph_Driver/src/stm32f30x_dac.o
DAC_DualSoftwareTriggerCmd                        Debug/Libraries/STM32F30x_StdPeriph_Driver/src/stm32f30x_dac.o
DAC_GetDataOutputValue                            Debug/Libraries/STM32F30x_StdPeriph_Driver/src/stm32f30x_dac.o
DAC_GetFlagStatus                                 Debug/Libraries/STM32F30x_StdPeriph_Driver/src/stm32f30x_dac.o
DAC_GetITStatus                                   Debug/Libraries/STM32F30x_StdPeriph_Driver/src/stm32f30x_dac.o
DAC_ITConfig                                      Debug/Libraries/STM32F30x_StdPeriph_Driver/src/stm32f30x_dac.o
DAC_Init                                          Debug/Libraries/STM32F30x_StdPeriph_Driver/src/stm32f30x_dac.o
DAC_SetChannel1Data                               Debug/Libraries/STM32F30x_StdPeriph_Driver/src/stm32f30x_dac.o
DAC_SetChannel2Data                               Debug/Libraries/STM32F30x_StdPeriph_Driver/src/stm32f30x_dac.o
DAC_SetDualChannelData                            Debug/Libraries/STM32F30x_StdPeriph_Driver/src/stm32f30x_dac.o
DAC_SoftwareTriggerCmd                            Debug/Libraries/STM32F30x_StdPeriph_Driver/src/stm32f30x_dac.o
DAC_StructInit                                    Debug/Libraries/STM32F30x_StdPeriph_Driver/src/stm32f30x_dac.o
DAC_WaveGenerationCmd                             Debug/Libraries/STM32F30x_StdPeriph_Driver/src/stm32f30x_dac.o
DBGMCU_APB1PeriphConfig                           Debug/Libraries/STM32F30x_StdPeriph_Driver/src/stm32f30x_dbgmcu.o
DBGMCU_APB2PeriphConfig                           Debug/Libraries/STM32F30x_StdPeriph_Driver/src/stm32f30x_dbgmcu.o
DBGMCU_Config                                     Debug/Libraries/STM32F30x_StdPeriph_Driver/src/stm32f30x_dbgmcu.o
DBGMCU_GetDEVID                                   Debug/Libraries/STM32F30x_StdPeriph_Driver/src/stm32f30x_dbgmcu.o
DBGMCU_GetREVID                                   Debug/Libraries/STM32F30x_StdPeriph_Driver/src/stm32f30x_dbgmcu.o
DMA1_Channel1_IRQHandler                          Debug/src/startup_stm32f303xe.o
DMA1_Channel2_IRQHandler                          Debug/src/startup_stm32f303xe.o
DMA1_Channel3_IRQHandler                          Debug/src/startup_stm32f303xe.o
DMA1_Channel4_IRQHandler                          Debug/src/startup_stm32f303xe.o
DMA1_Channel5_IRQHandler                          Debug/src/startup_stm32f303xe.o
DMA1_Channel6_IRQHandler                          Debug/src/startup_stm32f303xe.o
DMA1_Channel7_IRQHandler                          Debug/src/startup_stm32f303xe.o
DMA2_Channel1_IRQHandler                          Debug/src/startup_stm32f303xe.o
DMA2_Channel2_IRQHandler                          Debug/src/startup_stm32f303xe.o
DMA2_Channel3_IRQHandler                          Debug/src/startup_stm32f303xe.o
DMA2_Channel4_IRQHandler                          Debug/src/startup_stm32f303xe.o
DMA2_Channel5_IRQHandler                          Debug/src/startup_stm32f303xe.o
DMA_ClearFlag                                     Debug/Libraries/STM32F30x_StdPeriph_Driver/src/stm32f30x_dma.o
DMA_ClearITPendingBit                             Debug/Libraries/STM32F30x_StdPeriph_Driver/src/stm32f30x_dma.o
DMA_Cmd                                           Debug/Libraries/STM32F30x_StdPeriph_Driver/src/stm32f30x_dma.o
DMA_DeInit                                        Debug/Libraries/STM32F30x_StdPeriph_Driver/src/stm32f30x_dma.o
DMA_GetCurrDataCounter                            Debug/Libraries/STM32F30x_StdPeriph_Driver/src/stm32f30x_dma.o
DMA_GetFlagStatus                                 Debug/Libraries/STM32F30x_StdPeriph_Driver/src/stm32f30x_dma.o
DMA_GetITStatus                                   Debug/Libraries/STM32F30x_StdPeriph_Driver/src/stm32f30x_dma.o
DMA_ITConfig                                      Debug/Libraries/STM32F30x_StdPeriph_Driver/src/stm32f30x_dma.o
DMA_Init                                          Debug/Libraries/STM32F30x_StdPeriph_Driver/src/stm32f30x_dma.o
DMA_SetCurrDataCounter                            Debug/Libraries/STM32F30x_StdPeriph_Driver/src/stm32f30x_dma.o
DMA_StructInit                                    Debug/Libraries/STM32F30x_StdPeriph_Driver/src/stm32f30x_dma.o
DebugMon_Handler                                  Debug/src/stm32f30x_it.o
Default_Handler                                   Debug/src/startup_stm32f303xe.o
Delay_ms                                          Debug/src/main.o
Delay_us                                          Debug/src/main.o
EXTI0_IRQHandler                                  Debug/src/startup_stm32f303xe.o
EXTI15_10_IRQHandler                              Debug/src/startup_stm32f303xe.o
EXTI1_IRQHandler                                  Debug/src/startup_stm32f303xe.o
EXTI2_TS_IRQHandler                               Debug/src/startup_stm32f303xe.o
EXTI3_IRQHandler                                  Debug/src/startup_stm32f303xe.o
EXTI4_IRQHandler                                  Debug/src/startup_stm32f303xe.o
EXTI9_5_IRQHandler                                Debug/src/startup_stm32f303xe.o
EXTI_ClearFlag                                    Debug/Libraries/STM32F30x_StdPeriph_Driver/src/stm32f30x_exti.o
EXTI_ClearITPendingBit                            Debug/Libraries/STM32F30x_StdPeriph_Driver/src/stm32f30x_exti.o
EXTI_DeInit                                       Debug/Libraries/STM32F30x_StdPeriph_Driver/src/stm32f30x_exti.o
EXTI_GenerateSWInterrupt                          Debug/Libraries/STM32F30x_StdPeriph_Driver/src/stm32f30x_exti.o
EXTI_GetFlagStatus                                Debug/Libraries/STM32F30x_StdPeriph_Driver/src/stm32f30x_exti.o
EXTI_GetITStatus                                  Debug/Libraries/STM32F30x_StdPeriph_Driver/src/stm32f30x_exti.o
EXTI_Init                                         Debug/Libraries/STM32F30x_StdPeriph_Driver/src/stm32f30x_exti.o
EXTI_StructInit                                   Debug/Libraries/STM32F30x_StdPeriph_Driver/src/stm32f30x_exti.o
FLASH_ClearFlag                                   Debug/Libraries/STM32F30x_StdPeriph_Driver/src/stm32f30x_flash.o
FLASH_EraseAllPages                               Debug/Libraries/STM32F30x_StdPeriph_Driver/src/stm32f30x_flash.o
FLASH_ErasePage                                   Debug/Libraries/STM32F30x_StdPeriph_Driver/src/stm32f30x_flash.o
FLASH_GetFlagStatus                               Debug/Libraries/STM32F30x_StdPeriph_Driver/src/stm32f30x_flash.o
FLASH_GetStatus                                   Debug/Libraries/STM32F30x_StdPeriph_Driver/src/stm32f30x_flash.o
FLASH_HalfCycleAccessCmd                          Debug/Libraries/STM32F30x_StdPeriph_Driver/src/stm32f30x_flash.o
FLASH_IRQHandler                                  Debug/src/startup_stm32f303xe.o
FLASH_ITConfig                                    Debug/Libraries/STM32F30x_StdPeriph_Driver/src/stm32f30x_flash.o
FLASH_Lock                                        Debug/Libraries/STM32F30x_StdPeriph_Driver/src/stm32f30x_flash.o
FLASH_OB_BOOTConfig                               Debug/Libraries/STM32F30x_StdPeriph_Driver/src/stm32f30x_flash.o
FLASH_OB_EnableWRP                                Debug/Libraries/STM32F30x_StdPeriph_Driver/src/stm32f30x_flash.o
FLASH_OB_Erase                                    Debug/Libraries/STM32F30x_StdPeriph_Driver/src/stm32f30x_flash.o
FLASH_OB_GetRDP                                   Debug/Libraries/STM32F30x_StdPeriph_Driver/src/stm32f30x_flash.o
FLASH_OB_GetUser                                  Debug/Libraries/STM32F30x_StdPeriph_Driver/src/stm32f30x_flash.o
FLASH_OB_GetWRP                                   Debug/Libraries/STM32F30x_StdPeriph_Driver/src/stm32f30x_flash.o
FLASH_OB_Launch                                   Debug/Libraries/STM32F30x_StdPeriph_Driver/src/stm32f30x_flash.o
FLASH_OB_Lock                                     Debug/Libraries/STM32F30x_StdPeriph_Driver/src/stm32f30x_flash.o
FLASH_OB_RDPConfig                                Debug/Libraries/STM32F30x_StdPeriph_Driver/src/stm32f30x_flash.o
FLASH_OB_SRAMParityConfig                         Debug/Libraries/STM32F30x_StdPeriph_Driver/src/stm32f30x_flash.o
FLASH_OB_Unlock                                   Debug/Libraries/STM32F30x_StdPeriph_Driver/src/stm32f30x_flash.o
FLASH_OB_UserConfig                               Debug/Libraries/STM32F30x_StdPeriph_Driver/src/stm32f30x_flash.o
FLASH_OB_VDDAConfig                               Debug/Libraries/STM32F30x_StdPeriph_Driver/src/stm32f30x_flash.o
FLASH_OB_WriteUser                                Debug/Libraries/STM32F30x_StdPeriph_Driver/src/stm32f30x_flash.o
FLASH_PrefetchBufferCmd                           Debug/Libraries/STM32F30x_StdPeriph_Driver/src/stm32f30x_flash.o
FLASH_ProgramHalfWord                             Debug/Libraries/STM32F30x_StdPeriph_Driver/src/stm32f30x_flash.o
FLASH_ProgramOptionByteData                       Debug/Libraries/STM32F30x_StdPeriph_Driver/src/stm32f30x_flash.o
FLASH_ProgramWord                                 Debug/Libraries/STM32F30x_StdPeriph_Driver/src/stm32f30x_flash.o
FLASH_SetLatency                                  Debug/Libraries/STM32F30x_StdPeriph_Driver/src/stm32f30x_flash.o
FLASH_Unlock                                      Debug/Libraries/STM32F30x_StdPeriph_Driver/src/stm32f30x_flash.o
FLASH_WaitForLastOperation                        Debug/Libraries/STM32F30x_StdPeriph_Driver/src/stm32f30x_flash.o
FMC_ClearFlag                                     Debug/Libraries/STM32F30x_StdPeriph_Driver/src/stm32f30x_fmc.o
FMC_ClearITPendingBit                             Debug/Libraries/STM32F30x_StdPeriph_Driver/src/stm32f30x_fmc.o
FMC_GetECC                                        Debug/Libraries/STM32F30x_StdPeriph_Driver/src/stm32f30x_fmc.o
FMC_GetFlagStatus                                 Debug/Libraries/STM32F30x_StdPeriph_Driver/src/stm32f30x_fmc.o
FMC_GetITStatus                                   Debug/Libraries/STM32F30x_StdPeriph_Driver/src/stm32f30x_fmc.o
FMC_ITConfig                                      Debug/Libraries/STM32F30x_StdPeriph_Driver/src/stm32f30x_fmc.o
FMC_NANDCmd                                       Debug/Libraries/STM32F30x_StdPeriph_Driver/src/stm32f30x_fmc.o
FMC_NANDDeInit                                    Debug/Libraries/STM32F30x_StdPeriph_Driver/src/stm32f30x_fmc.o
FMC_NANDECCCmd                                    Debug/Libraries/STM32F30x_StdPeriph_Driver/src/stm32f30x_fmc.o
FMC_NANDInit                                      Debug/Libraries/STM32F30x_StdPeriph_Driver/src/stm32f30x_fmc.o
FMC_NANDStructInit                                Debug/Libraries/STM32F30x_StdPeriph_Driver/src/stm32f30x_fmc.o
FMC_NORSRAMCmd                                    Debug/Libraries/STM32F30x_StdPeriph_Driver/src/stm32f30x_fmc.o
FMC_NORSRAMDeInit                                 Debug/Libraries/STM32F30x_StdPeriph_Driver/src/stm32f30x_fmc.o
FMC_NORSRAMInit                                   Debug/Libraries/STM32F30x_StdPeriph_Driver/src/stm32f30x_fmc.o
FMC_NORSRAMStructInit                             Debug/Libraries/STM32F30x_StdPeriph_Driver/src/stm32f30x_fmc.o
FMC_PCCARDCmd                                     Debug/Libraries/STM32F30x_StdPeriph_Driver/src/stm32f30x_fmc.o
FMC_PCCARDDeInit                                  Debug/Libraries/STM32F30x_StdPeriph_Driver/src/stm32f30x_fmc.o
FMC_PCCARDInit                                    Debug/Libraries/STM32F30x_StdPeriph_Driver/src/stm32f30x_fmc.o
FMC_PCCARDStructInit                              Debug/Libraries/STM32F30x_StdPeriph_Driver/src/stm32f30x_fmc.o
FPU_IRQHandler                                    Debug/src/startup_stm32f303xe.o
GPIO_DeInit                                       Debug/Libraries/STM32F30x_StdPeriph_Driver/src/stm32f30x_gpio.o
GPIO_Init                                         Debug/Libraries/STM32F30x_StdPeriph_Driver/src/stm32f30x_gpio.o
                                                  Debug/src/main.o
GPIO_PinAFConfig                                  Debug/Libraries/STM32F30x_StdPeriph_Driver/src/stm32f30x_gpio.o
GPIO_PinLockConfig                                Debug/Libraries/STM32F30x_StdPeriph_Driver/src/stm32f30x_gpio.o
GPIO_ReadInputData                                Debug/Libraries/STM32F30x_StdPeriph_Driver/src/stm32f30x_gpio.o
GPIO_ReadInputDataBit                             Debug/Libraries/STM32F30x_StdPeriph_Driver/src/stm32f30x_gpio.o
GPIO_ReadOutputData                               Debug/Libraries/STM32F30x_StdPeriph_Driver/src/stm32f30x_gpio.o
GPIO_ReadOutputDataBit                            Debug/Libraries/STM32F30x_StdPeriph_Driver/src/stm32f30x_gpio.o
GPIO_ResetBits                                    Debug/Libraries/STM32F30x_StdPeriph_Driver/src/stm32f30x_gpio.o
                                                  Debug/src/main.o
GPIO_SetBits                                      Debug/Libraries/STM32F30x_StdPeriph_Driver/src/stm32f30x_gpio.o
                                                  Debug/src/main.o
GPIO_StructInit                                   Debug/Libraries/STM32F30x_StdPeriph_Driver/src/stm32f30x_gpio.o
GPIO_Write                                        Debug/Libraries/STM32F30x_StdPeriph_Driver/src/stm32f30x_gpio.o
GPIO_WriteBit                                     Debug/Libraries/STM32F30x_StdPeriph_Driver/src/stm32f30x_gpio.o
HRTIM_ADCTriggerConfig                            Debug/Libraries/STM32F30x_StdPeriph_Driver/src/stm32f30x_hrtim.o
HRTIM_BurstDMAConfig                              Debug/Libraries/STM32F30x_StdPeriph_Driver/src/stm32f30x_hrtim.o
HRTIM_BurstModeConfig                             Debug/Libraries/STM32F30x_StdPeriph_Driver/src/stm32f30x_hrtim.o
HRTIM_BurstModeCtl                                Debug/Libraries/STM32F30x_StdPeriph_Driver/src/stm32f30x_hrtim.o
HRTIM_ChopperModeConfig                           Debug/Libraries/STM32F30x_StdPeriph_Driver/src/stm32f30x_hrtim.o
HRTIM_ClearCommonFlag                             Debug/Libraries/STM32F30x_StdPeriph_Driver/src/stm32f30x_hrtim.o
HRTIM_ClearCommonITPendingBit                     Debug/Libraries/STM32F30x_StdPeriph_Driver/src/stm32f30x_hrtim.o
HRTIM_ClearFlag                                   Debug/Libraries/STM32F30x_StdPeriph_Driver/src/stm32f30x_hrtim.o
HRTIM_ClearITPendingBit                           Debug/Libraries/STM32F30x_StdPeriph_Driver/src/stm32f30x_hrtim.o
HRTIM_DLLCalibrationStart                         Debug/Libraries/STM32F30x_StdPeriph_Driver/src/stm32f30x_hrtim.o
HRTIM_DMACmd                                      Debug/Libraries/STM32F30x_StdPeriph_Driver/src/stm32f30x_hrtim.o
HRTIM_DeInit                                      Debug/Libraries/STM32F30x_StdPeriph_Driver/src/stm32f30x_hrtim.o
HRTIM_DeadTimeConfig                              Debug/Libraries/STM32F30x_StdPeriph_Driver/src/stm32f30x_hrtim.o
HRTIM_EventConfig                                 Debug/Libraries/STM32F30x_StdPeriph_Driver/src/stm32f30x_hrtim.o
HRTIM_EventPrescalerConfig                        Debug/Libraries/STM32F30x_StdPeriph_Driver/src/stm32f30x_hrtim.o
HRTIM_FaultConfig                                 Debug/Libraries/STM32F30x_StdPeriph_Driver/src/stm32f30x_hrtim.o
HRTIM_FaultModeCtl                                Debug/Libraries/STM32F30x_StdPeriph_Driver/src/stm32f30x_hrtim.o
HRTIM_FaultPrescalerConfig                        Debug/Libraries/STM32F30x_StdPeriph_Driver/src/stm32f30x_hrtim.o
HRTIM_GetBurstStatus                              Debug/Libraries/STM32F30x_StdPeriph_Driver/src/stm32f30x_hrtim.o
HRTIM_GetCapturedValue                            Debug/Libraries/STM32F30x_StdPeriph_Driver/src/stm32f30x_hrtim.o
HRTIM_GetCommonFlagStatus                         Debug/Libraries/STM32F30x_StdPeriph_Driver/src/stm32f30x_hrtim.o
HRTIM_GetCommonITStatus                           Debug/Libraries/STM32F30x_StdPeriph_Driver/src/stm32f30x_hrtim.o
HRTIM_GetCurrentPushPullStatus                    Debug/Libraries/STM32F30x_StdPeriph_Driver/src/stm32f30x_hrtim.o
HRTIM_GetDelayedProtectionStatus                  Debug/Libraries/STM32F30x_StdPeriph_Driver/src/stm32f30x_hrtim.o
HRTIM_GetFlagStatus                               Debug/Libraries/STM32F30x_StdPeriph_Driver/src/stm32f30x_hrtim.o
HRTIM_GetITStatus                                 Debug/Libraries/STM32F30x_StdPeriph_Driver/src/stm32f30x_hrtim.o
HRTIM_GetIdlePushPullStatus                       Debug/Libraries/STM32F30x_StdPeriph_Driver/src/stm32f30x_hrtim.o
HRTIM_ITCommonConfig                              Debug/Libraries/STM32F30x_StdPeriph_Driver/src/stm32f30x_hrtim.o
HRTIM_ITConfig                                    Debug/Libraries/STM32F30x_StdPeriph_Driver/src/stm32f30x_hrtim.o
HRTIM_MasterSetCompare                            Debug/Libraries/STM32F30x_StdPeriph_Driver/src/stm32f30x_hrtim.o
HRTIM_SimpleBaseStart                             Debug/Libraries/STM32F30x_StdPeriph_Driver/src/stm32f30x_hrtim.o
HRTIM_SimpleBaseStop                              Debug/Libraries/STM32F30x_StdPeriph_Driver/src/stm32f30x_hrtim.o
HRTIM_SimpleBase_Init                             Debug/Libraries/STM32F30x_StdPeriph_Driver/src/stm32f30x_hrtim.o
HRTIM_SimpleCaptureChannelConfig                  Debug/Libraries/STM32F30x_StdPeriph_Driver/src/stm32f30x_hrtim.o
HRTIM_SimpleCaptureStart                          Debug/Libraries/STM32F30x_StdPeriph_Driver/src/stm32f30x_hrtim.o
HRTIM_SimpleCaptureStop                           Debug/Libraries/STM32F30x_StdPeriph_Driver/src/stm32f30x_hrtim.o
HRTIM_SimpleCapture_Init                          Debug/Libraries/STM32F30x_StdPeriph_Driver/src/stm32f30x_hrtim.o
HRTIM_SimpleOCChannelConfig                       Debug/Libraries/STM32F30x_StdPeriph_Driver/src/stm32f30x_hrtim.o
HRTIM_SimpleOCStart                               Debug/Libraries/STM32F30x_StdPeriph_Driver/src/stm32f30x_hrtim.o
HRTIM_SimpleOCStop                                Debug/Libraries/STM32F30x_StdPeriph_Driver/src/stm32f30x_hrtim.o
HRTIM_SimpleOC_Init                               Debug/Libraries/STM32F30x_StdPeriph_Driver/src/stm32f30x_hrtim.o
HRTIM_SimpleOnePulseChannelConfig                 Debug/Libraries/STM32F30x_StdPeriph_Driver/src/stm32f30x_hrtim.o
HRTIM_SimpleOnePulseStart                         Debug/Libraries/STM32F30x_StdPeriph_Driver/src/stm32f30x_hrtim.o
HRTIM_SimpleOnePulseStop                          Debug/Libraries/STM32F30x_StdPeriph_Driver/src/stm32f30x_hrtim.o
HRTIM_SimpleOnePulse_Init                         Debug/Libraries/STM32F30x_StdPeriph_Driver/src/stm32f30x_hrtim.o
HRTIM_SimplePWMChannelConfig                      Debug/Libraries/STM32F30x_StdPeriph_Driver/src/stm32f30x_hrtim.o
HRTIM_SimplePWMStart                              Debug/Libraries/STM32F30x_StdPeriph_Driver/src/stm32f30x_hrtim.o
HRTIM_SimplePWMStop                               Debug/Libraries/STM32F30x_StdPeriph_Driver/src/stm32f30x_hrtim.o
HRTIM_SimplePWM_Init                              Debug/Libraries/STM32F30x_StdPeriph_Driver/src/stm32f30x_hrtim.o
HRTIM_SlaveSetCompare                             Debug/Libraries/STM32F30x_StdPeriph_Driver/src/stm32f30x_hrtim.o
HRTIM_SoftwareCapture                             Debug/Libraries/STM32F30x_StdPeriph_Driver/src/stm32f30x_hrtim.o
HRTIM_SoftwareReset                               Debug/Libraries/STM32F30x_StdPeriph_Driver/src/stm32f30x_hrtim.o
HRTIM_SoftwareUpdate                              Debug/Libraries/STM32F30x_StdPeriph_Driver/src/stm32f30x_hrtim.o
HRTIM_SynchronizationConfig                       Debug/Libraries/STM32F30x_StdPeriph_Driver/src/stm32f30x_hrtim.o
HRTIM_TimerEventFilteringConfig                   Debug/Libraries/STM32F30x_StdPeriph_Driver/src/stm32f30x_hrtim.o
HRTIM_WaveformCaptureConfig                       Debug/Libraries/STM32F30x_StdPeriph_Driver/src/stm32f30x_hrtim.o
HRTIM_WaveformCompareConfig                       Debug/Libraries/STM32F30x_StdPeriph_Driver/src/stm32f30x_hrtim.o
HRTIM_WaveformCounterStart                        Debug/Libraries/STM32F30x_StdPeriph_Driver/src/stm32f30x_hrtim.o
HRTIM_WaveformCounterStop                         Debug/Libraries/STM32F30x_StdPeriph_Driver/src/stm32f30x_hrtim.o
HRTIM_WaveformGetOutputLevel                      Debug/Libraries/STM32F30x_StdPeriph_Driver/src/stm32f30x_hrtim.o
HRTIM_WaveformGetOutputState                      Debug/Libraries/STM32F30x_StdPeriph_Driver/src/stm32f30x_hrtim.o
HRTIM_WaveformOutputConfig                        Debug/Libraries/STM32F30x_StdPeriph_Driver/src/stm32f30x_hrtim.o
HRTIM_WaveformOutputStart                         Debug/Libraries/STM32F30x_StdPeriph_Driver/src/stm32f30x_hrtim.o
HRTIM_WaveformOutputStop                          Debug/Libraries/STM32F30x_StdPeriph_Driver/src/stm32f30x_hrtim.o
HRTIM_WaveformSetOutputLevel                      Debug/Libraries/STM32F30x_StdPeriph_Driver/src/stm32f30x_hrtim.o
HRTIM_WaveformTimerConfig                         Debug/Libraries/STM32F30x_StdPeriph_Driver/src/stm32f30x_hrtim.o
HRTIM_Waveform_Init                               Debug/Libraries/STM32F30x_StdPeriph_Driver/src/stm32f30x_hrtim.o
HardFault_Handler                                 Debug/src/stm32f30x_it.o
I2C1_ER_IRQHandler                                Debug/src/startup_stm32f303xe.o
I2C1_EV_IRQHandler                                Debug/src/startup_stm32f303xe.o
I2C2_ER_IRQHandler                                Debug/src/startup_stm32f303xe.o
I2C2_EV_IRQHandler                                Debug/src/startup_stm32f303xe.o
I2C_10BitAddressHeaderCmd                         Debug/Libraries/STM32F30x_StdPeriph_Driver/src/stm32f30x_i2c.o
I2C_10BitAddressingModeCmd                        Debug/Libraries/STM32F30x_StdPeriph_Driver/src/stm32f30x_i2c.o
I2C_AcknowledgeConfig                             Debug/Libraries/STM32F30x_StdPeriph_Driver/src/stm32f30x_i2c.o
I2C_AutoEndCmd                                    Debug/Libraries/STM32F30x_StdPeriph_Driver/src/stm32f30x_i2c.o
I2C_CalculatePEC                                  Debug/Libraries/STM32F30x_StdPeriph_Driver/src/stm32f30x_i2c.o
I2C_ClearFlag                                     Debug/Libraries/STM32F30x_StdPeriph_Driver/src/stm32f30x_i2c.o
I2C_ClearITPendingBit                             Debug/Libraries/STM32F30x_StdPeriph_Driver/src/stm32f30x_i2c.o
I2C_ClockTimeoutCmd                               Debug/Libraries/STM32F30x_StdPeriph_Driver/src/stm32f30x_i2c.o
I2C_Cmd                                           Debug/Libraries/STM32F30x_StdPeriph_Driver/src/stm32f30x_i2c.o
I2C_DMACmd                                        Debug/Libraries/STM32F30x_StdPeriph_Driver/src/stm32f30x_i2c.o
I2C_DeInit                                        Debug/Libraries/STM32F30x_StdPeriph_Driver/src/stm32f30x_i2c.o
I2C_DualAddressCmd                                Debug/Libraries/STM32F30x_StdPeriph_Driver/src/stm32f30x_i2c.o
I2C_ExtendedClockTimeoutCmd                       Debug/Libraries/STM32F30x_StdPeriph_Driver/src/stm32f30x_i2c.o
I2C_GeneralCallCmd                                Debug/Libraries/STM32F30x_StdPeriph_Driver/src/stm32f30x_i2c.o
I2C_GenerateSTART                                 Debug/Libraries/STM32F30x_StdPeriph_Driver/src/stm32f30x_i2c.o
I2C_GenerateSTOP                                  Debug/Libraries/STM32F30x_StdPeriph_Driver/src/stm32f30x_i2c.o
I2C_GetAddressMatched                             Debug/Libraries/STM32F30x_StdPeriph_Driver/src/stm32f30x_i2c.o
I2C_GetFlagStatus                                 Debug/Libraries/STM32F30x_StdPeriph_Driver/src/stm32f30x_i2c.o
I2C_GetITStatus                                   Debug/Libraries/STM32F30x_StdPeriph_Driver/src/stm32f30x_i2c.o
I2C_GetPEC                                        Debug/Libraries/STM32F30x_StdPeriph_Driver/src/stm32f30x_i2c.o
I2C_GetTransferDirection                          Debug/Libraries/STM32F30x_StdPeriph_Driver/src/stm32f30x_i2c.o
I2C_ITConfig                                      Debug/Libraries/STM32F30x_StdPeriph_Driver/src/stm32f30x_i2c.o
I2C_IdleClockTimeoutCmd                           Debug/Libraries/STM32F30x_StdPeriph_Driver/src/stm32f30x_i2c.o
I2C_Init                                          Debug/Libraries/STM32F30x_StdPeriph_Driver/src/stm32f30x_i2c.o
I2C_MasterRequestConfig                           Debug/Libraries/STM32F30x_StdPeriph_Driver/src/stm32f30x_i2c.o
I2C_NumberOfBytesConfig                           Debug/Libraries/STM32F30x_StdPeriph_Driver/src/stm32f30x_i2c.o
I2C_OwnAddress2Config                             Debug/Libraries/STM32F30x_StdPeriph_Driver/src/stm32f30x_i2c.o
I2C_PECRequestCmd                                 Debug/Libraries/STM32F30x_StdPeriph_Driver/src/stm32f30x_i2c.o
I2C_ReadRegister                                  Debug/Libraries/STM32F30x_StdPeriph_Driver/src/stm32f30x_i2c.o
I2C_ReceiveData                                   Debug/Libraries/STM32F30x_StdPeriph_Driver/src/stm32f30x_i2c.o
I2C_ReloadCmd                                     Debug/Libraries/STM32F30x_StdPeriph_Driver/src/stm32f30x_i2c.o
I2C_SMBusAlertCmd                                 Debug/Libraries/STM32F30x_StdPeriph_Driver/src/stm32f30x_i2c.o
I2C_SendData                                      Debug/Libraries/STM32F30x_StdPeriph_Driver/src/stm32f30x_i2c.o
I2C_SlaveAddressConfig                            Debug/Libraries/STM32F30x_StdPeriph_Driver/src/stm32f30x_i2c.o
I2C_SlaveByteControlCmd                           Debug/Libraries/STM32F30x_StdPeriph_Driver/src/stm32f30x_i2c.o
I2C_SoftwareResetCmd                              Debug/Libraries/STM32F30x_StdPeriph_Driver/src/stm32f30x_i2c.o
I2C_StopModeCmd                                   Debug/Libraries/STM32F30x_StdPeriph_Driver/src/stm32f30x_i2c.o
I2C_StretchClockCmd                               Debug/Libraries/STM32F30x_StdPeriph_Driver/src/stm32f30x_i2c.o
I2C_StructInit                                    Debug/Libraries/STM32F30x_StdPeriph_Driver/src/stm32f30x_i2c.o
I2C_TimeoutAConfig                                Debug/Libraries/STM32F30x_StdPeriph_Driver/src/stm32f30x_i2c.o
I2C_TimeoutBConfig                                Debug/Libraries/STM32F30x_StdPeriph_Driver/src/stm32f30x_i2c.o
I2C_TransferHandling                              Debug/Libraries/STM32F30x_StdPeriph_Driver/src/stm32f30x_i2c.o
I2S_Cmd                                           Debug/Libraries/STM32F30x_StdPeriph_Driver/src/stm32f30x_spi.o
I2S_FullDuplexConfig                              Debug/Libraries/STM32F30x_StdPeriph_Driver/src/stm32f30x_spi.o
I2S_Init                                          Debug/Libraries/STM32F30x_StdPeriph_Driver/src/stm32f30x_spi.o
I2S_StructInit                                    Debug/Libraries/STM32F30x_StdPeriph_Driver/src/stm32f30x_spi.o
IWDG_Enable                                       Debug/Libraries/STM32F30x_StdPeriph_Driver/src/stm32f30x_iwdg.o
IWDG_GetFlagStatus                                Debug/Libraries/STM32F30x_StdPeriph_Driver/src/stm32f30x_iwdg.o
IWDG_ReloadCounter                                Debug/Libraries/STM32F30x_StdPeriph_Driver/src/stm32f30x_iwdg.o
IWDG_SetPrescaler                                 Debug/Libraries/STM32F30x_StdPeriph_Driver/src/stm32f30x_iwdg.o
IWDG_SetReload                                    Debug/Libraries/STM32F30x_StdPeriph_Driver/src/stm32f30x_iwdg.o
IWDG_SetWindowValue                               Debug/Libraries/STM32F30x_StdPeriph_Driver/src/stm32f30x_iwdg.o
IWDG_WriteAccessCmd                               Debug/Libraries/STM32F30x_StdPeriph_Driver/src/stm32f30x_iwdg.o
MemManage_Handler                                 Debug/src/stm32f30x_it.o
NMI_Handler                                       Debug/src/stm32f30x_it.o
NVIC_Init                                         Debug/Libraries/STM32F30x_StdPeriph_Driver/src/stm32f30x_misc.o
NVIC_PriorityGroupConfig                          Debug/Libraries/STM32F30x_StdPeriph_Driver/src/stm32f30x_misc.o
NVIC_SetVectorTable                               Debug/Libraries/STM32F30x_StdPeriph_Driver/src/stm32f30x_misc.o
NVIC_SystemLPConfig                               Debug/Libraries/STM32F30x_StdPeriph_Driver/src/stm32f30x_misc.o
OPAMP_Cmd                                         Debug/Libraries/STM32F30x_StdPeriph_Driver/src/stm32f30x_opamp.o
OPAMP_DeInit                                      Debug/Libraries/STM32F30x_StdPeriph_Driver/src/stm32f30x_opamp.o
OPAMP_GetOutputLevel                              Debug/Libraries/STM32F30x_StdPeriph_Driver/src/stm32f30x_opamp.o
OPAMP_Init                                        Debug/Libraries/STM32F30x_StdPeriph_Driver/src/stm32f30x_opamp.o
OPAMP_LockConfig                                  Debug/Libraries/STM32F30x_StdPeriph_Driver/src/stm32f30x_opamp.o
OPAMP_OffsetTrimConfig                            Debug/Libraries/STM32F30x_StdPeriph_Driver/src/stm32f30x_opamp.o
OPAMP_OffsetTrimModeSelect                        Debug/Libraries/STM32F30x_StdPeriph_Driver/src/stm32f30x_opamp.o
OPAMP_PGAConfig                                   Debug/Libraries/STM32F30x_StdPeriph_Driver/src/stm32f30x_opamp.o
OPAMP_StartCalibration                            Debug/Libraries/STM32F30x_StdPeriph_Driver/src/stm32f30x_opamp.o
OPAMP_StructInit                                  Debug/Libraries/STM32F30x_StdPeriph_Driver/src/stm32f30x_opamp.o
OPAMP_TimerControlledMuxCmd                       Debug/Libraries/STM32F30x_StdPeriph_Driver/src/stm32f30x_opamp.o
OPAMP_TimerControlledMuxConfig                    Debug/Libraries/STM32F30x_StdPeriph_Driver/src/stm32f30x_opamp.o
OPAMP_VrefConfig                                  Debug/Libraries/STM32F30x_StdPeriph_Driver/src/stm32f30x_opamp.o
OPAMP_VrefConnectADCCmd                           Debug/Libraries/STM32F30x_StdPeriph_Driver/src/stm32f30x_opamp.o
OPAMP_VrefConnectNonInvertingInput                Debug/Libraries/STM32F30x_StdPeriph_Driver/src/stm32f30x_opamp.o
PVD_IRQHandler                                    Debug/src/startup_stm32f303xe.o
PWR_BackupAccessCmd                               Debug/Libraries/STM32F30x_StdPeriph_Driver/src/stm32f30x_pwr.o
PWR_ClearFlag                                     Debug/Libraries/STM32F30x_StdPeriph_Driver/src/stm32f30x_pwr.o
PWR_DeInit                                        Debug/Libraries/STM32F30x_StdPeriph_Driver/src/stm32f30x_pwr.o
PWR_EnterSTANDBYMode                              Debug/Libraries/STM32F30x_StdPeriph_Driver/src/stm32f30x_pwr.o
PWR_EnterSTOPMode                                 Debug/Libraries/STM32F30x_StdPeriph_Driver/src/stm32f30x_pwr.o
PWR_EnterSleepMode                                Debug/Libraries/STM32F30x_StdPeriph_Driver/src/stm32f30x_pwr.o
PWR_GetFlagStatus                                 Debug/Libraries/STM32F30x_StdPeriph_Driver/src/stm32f30x_pwr.o
PWR_PVDCmd                                        Debug/Libraries/STM32F30x_StdPeriph_Driver/src/stm32f30x_pwr.o
PWR_PVDLevelConfig                                Debug/Libraries/STM32F30x_StdPeriph_Driver/src/stm32f30x_pwr.o
PWR_WakeUpPinCmd                                  Debug/Libraries/STM32F30x_StdPeriph_Driver/src/stm32f30x_pwr.o
PendSV_Handler                                    Debug/src/stm32f30x_it.o
RCC_ADCCLKConfig                                  Debug/Libraries/STM32F30x_StdPeriph_Driver/src/stm32f30x_rcc.o
RCC_AHBPeriphClockCmd                             Debug/Libraries/STM32F30x_StdPeriph_Driver/src/stm32f30x_rcc.o
                                                  Debug/src/main.o
RCC_AHBPeriphResetCmd                             Debug/Libraries/STM32F30x_StdPeriph_Driver/src/stm32f30x_rcc.o
                                                  Debug/Libraries/STM32F30x_StdPeriph_Driver/src/stm32f30x_gpio.o
                                                  Debug/Libraries/STM32F30x_StdPeriph_Driver/src/stm32f30x_adc.o
RCC_APB1PeriphClockCmd                            Debug/Libraries/STM32F30x_StdPeriph_Driver/src/stm32f30x_rcc.o
RCC_APB1PeriphResetCmd                            Debug/Libraries/STM32F30x_StdPeriph_Driver/src/stm32f30x_rcc.o
                                                  Debug/Libraries/STM32F30x_StdPeriph_Driver/src/stm32f30x_wwdg.o
                                                  Debug/Libraries/STM32F30x_StdPeriph_Driver/src/stm32f30x_tim.o
                                                  Debug/Libraries/STM32F30x_StdPeriph_Driver/src/stm32f30x_dac.o
                                                  Debug/Libraries/STM32F30x_StdPeriph_Driver/src/stm32f30x_usart.o
                                                  Debug/Libraries/STM32F30x_StdPeriph_Driver/src/stm32f30x_spi.o
                                                  Debug/Libraries/STM32F30x_StdPeriph_Driver/src/stm32f30x_i2c.o
                                                  Debug/Libraries/STM32F30x_StdPeriph_Driver/src/stm32f30x_pwr.o
                                                  Debug/Libraries/STM32F30x_StdPeriph_Driver/src/stm32f30x_can.o
RCC_APB2PeriphClockCmd                            Debug/Libraries/STM32F30x_StdPeriph_Driver/src/stm32f30x_rcc.o
RCC_APB2PeriphResetCmd                            Debug/Libraries/STM32F30x_StdPeriph_Driver/src/stm32f30x_rcc.o
                                                  Debug/Libraries/STM32F30x_StdPeriph_Driver/src/stm32f30x_tim.o
                                                  Debug/Libraries/STM32F30x_StdPeriph_Driver/src/stm32f30x_usart.o
                                                  Debug/Libraries/STM32F30x_StdPeriph_Driver/src/stm32f30x_spi.o
                                                  Debug/Libraries/STM32F30x_StdPeriph_Driver/src/stm32f30x_hrtim.o
RCC_AdjustHSICalibrationValue                     Debug/Libraries/STM32F30x_StdPeriph_Driver/src/stm32f30x_rcc.o
RCC_BackupResetCmd                                Debug/Libraries/STM32F30x_StdPeriph_Driver/src/stm32f30x_rcc.o
RCC_ClearFlag                                     Debug/Libraries/STM32F30x_StdPeriph_Driver/src/stm32f30x_rcc.o
RCC_ClearITPendingBit                             Debug/Libraries/STM32F30x_StdPeriph_Driver/src/stm32f30x_rcc.o
RCC_ClockSecuritySystemCmd                        Debug/Libraries/STM32F30x_StdPeriph_Driver/src/stm32f30x_rcc.o
RCC_DeInit                                        Debug/Libraries/STM32F30x_StdPeriph_Driver/src/stm32f30x_rcc.o
RCC_GetClocksFreq                                 Debug/Libraries/STM32F30x_StdPeriph_Driver/src/stm32f30x_rcc.o
                                                  Debug/Libraries/STM32F30x_StdPeriph_Driver/src/stm32f30x_usart.o
                                                  Debug/Libraries/STM32F30x_StdPeriph_Driver/src/stm32f30x_spi.o
RCC_GetFlagStatus                                 Debug/Libraries/STM32F30x_StdPeriph_Driver/src/stm32f30x_rcc.o
RCC_GetITStatus                                   Debug/Libraries/STM32F30x_StdPeriph_Driver/src/stm32f30x_rcc.o
RCC_GetSYSCLKSource                               Debug/Libraries/STM32F30x_StdPeriph_Driver/src/stm32f30x_rcc.o
RCC_HCLKConfig                                    Debug/Libraries/STM32F30x_StdPeriph_Driver/src/stm32f30x_rcc.o
RCC_HRTIM1CLKConfig                               Debug/Libraries/STM32F30x_StdPeriph_Driver/src/stm32f30x_rcc.o
RCC_HSEConfig                                     Debug/Libraries/STM32F30x_StdPeriph_Driver/src/stm32f30x_rcc.o
RCC_HSICmd                                        Debug/Libraries/STM32F30x_StdPeriph_Driver/src/stm32f30x_rcc.o
RCC_I2CCLKConfig                                  Debug/Libraries/STM32F30x_StdPeriph_Driver/src/stm32f30x_rcc.o
RCC_I2SCLKConfig                                  Debug/Libraries/STM32F30x_StdPeriph_Driver/src/stm32f30x_rcc.o
RCC_IRQHandler                                    Debug/src/startup_stm32f303xe.o
RCC_ITConfig                                      Debug/Libraries/STM32F30x_StdPeriph_Driver/src/stm32f30x_rcc.o
RCC_LSEConfig                                     Debug/Libraries/STM32F30x_StdPeriph_Driver/src/stm32f30x_rcc.o
RCC_LSEDriveConfig                                Debug/Libraries/STM32F30x_StdPeriph_Driver/src/stm32f30x_rcc.o
RCC_LSICmd                                        Debug/Libraries/STM32F30x_StdPeriph_Driver/src/stm32f30x_rcc.o
RCC_MCOConfig                                     Debug/Libraries/STM32F30x_StdPeriph_Driver/src/stm32f30x_rcc.o
RCC_PCLK1Config                                   Debug/Libraries/STM32F30x_StdPeriph_Driver/src/stm32f30x_rcc.o
RCC_PCLK2Config                                   Debug/Libraries/STM32F30x_StdPeriph_Driver/src/stm32f30x_rcc.o
RCC_PLLCmd                                        Debug/Libraries/STM32F30x_StdPeriph_Driver/src/stm32f30x_rcc.o
RCC_PLLConfig                                     Debug/Libraries/STM32F30x_StdPeriph_Driver/src/stm32f30x_rcc.o
RCC_PREDIV1Config                                 Debug/Libraries/STM32F30x_StdPeriph_Driver/src/stm32f30x_rcc.o
RCC_RTCCLKCmd                                     Debug/Libraries/STM32F30x_StdPeriph_Driver/src/stm32f30x_rcc.o
RCC_RTCCLKConfig                                  Debug/Libraries/STM32F30x_StdPeriph_Driver/src/stm32f30x_rcc.o
RCC_SYSCLKConfig                                  Debug/Libraries/STM32F30x_StdPeriph_Driver/src/stm32f30x_rcc.o
RCC_TIMCLKConfig                                  Debug/Libraries/STM32F30x_StdPeriph_Driver/src/stm32f30x_rcc.o
RCC_USARTCLKConfig                                Debug/Libraries/STM32F30x_StdPeriph_Driver/src/stm32f30x_rcc.o
RCC_USBCLKConfig                                  Debug/Libraries/STM32F30x_StdPeriph_Driver/src/stm32f30x_rcc.o
RCC_WaitForHSEStartUp                             Debug/Libraries/STM32F30x_StdPeriph_Driver/src/stm32f30x_rcc.o
RTC_AlarmCmd                                      Debug/Libraries/STM32F30x_StdPeriph_Driver/src/stm32f30x_rtc.o
RTC_AlarmStructInit                               Debug/Libraries/STM32F30x_StdPeriph_Driver/src/stm32f30x_rtc.o
RTC_AlarmSubSecondConfig                          Debug/Libraries/STM32F30x_StdPeriph_Driver/src/stm32f30x_rtc.o
RTC_Alarm_IRQHandler                              Debug/src/startup_stm32f303xe.o
RTC_BypassShadowCmd                               Debug/Libraries/STM32F30x_StdPeriph_Driver/src/stm32f30x_rtc.o
RTC_CalibOutputCmd                                Debug/Libraries/STM32F30x_StdPeriph_Driver/src/stm32f30x_rtc.o
RTC_CalibOutputConfig                             Debug/Libraries/STM32F30x_StdPeriph_Driver/src/stm32f30x_rtc.o
RTC_ClearFlag                                     Debug/Libraries/STM32F30x_StdPeriph_Driver/src/stm32f30x_rtc.o
RTC_ClearITPendingBit                             Debug/Libraries/STM32F30x_StdPeriph_Driver/src/stm32f30x_rtc.o
RTC_DateStructInit                                Debug/Libraries/STM32F30x_StdPeriph_Driver/src/stm32f30x_rtc.o
RTC_DayLightSavingConfig                          Debug/Libraries/STM32F30x_StdPeriph_Driver/src/stm32f30x_rtc.o
RTC_DeInit                                        Debug/Libraries/STM32F30x_StdPeriph_Driver/src/stm32f30x_rtc.o
RTC_EnterInitMode                                 Debug/Libraries/STM32F30x_StdPeriph_Driver/src/stm32f30x_rtc.o
RTC_ExitInitMode                                  Debug/Libraries/STM32F30x_StdPeriph_Driver/src/stm32f30x_rtc.o
RTC_GetAlarm                                      Debug/Libraries/STM32F30x_StdPeriph_Driver/src/stm32f30x_rtc.o
RTC_GetAlarmSubSecond                             Debug/Libraries/STM32F30x_StdPeriph_Driver/src/stm32f30x_rtc.o
RTC_GetDate                                       Debug/Libraries/STM32F30x_StdPeriph_Driver/src/stm32f30x_rtc.o
RTC_GetFlagStatus                                 Debug/Libraries/STM32F30x_StdPeriph_Driver/src/stm32f30x_rtc.o
RTC_GetITStatus                                   Debug/Libraries/STM32F30x_StdPeriph_Driver/src/stm32f30x_rtc.o
RTC_GetStoreOperation                             Debug/Libraries/STM32F30x_StdPeriph_Driver/src/stm32f30x_rtc.o
RTC_GetSubSecond                                  Debug/Libraries/STM32F30x_StdPeriph_Driver/src/stm32f30x_rtc.o
RTC_GetTime                                       Debug/Libraries/STM32F30x_StdPeriph_Driver/src/stm32f30x_rtc.o
RTC_GetTimeStamp                                  Debug/Libraries/STM32F30x_StdPeriph_Driver/src/stm32f30x_rtc.o
RTC_GetTimeStampSubSecond                         Debug/Libraries/STM32F30x_StdPeriph_Driver/src/stm32f30x_rtc.o
RTC_GetWakeUpCounter                              Debug/Libraries/STM32F30x_StdPeriph_Driver/src/stm32f30x_rtc.o
RTC_ITConfig                                      Debug/Libraries/STM32F30x_StdPeriph_Driver/src/stm32f30x_rtc.o
RTC_Init                                          Debug/Libraries/STM32F30x_StdPeriph_Driver/src/stm32f30x_rtc.o
RTC_OutputConfig                                  Debug/Libraries/STM32F30x_StdPeriph_Driver/src/stm32f30x_rtc.o
RTC_OutputTypeConfig                              Debug/Libraries/STM32F30x_StdPeriph_Driver/src/stm32f30x_rtc.o
RTC_ReadBackupRegister                            Debug/Libraries/STM32F30x_StdPeriph_Driver/src/stm32f30x_rtc.o
RTC_RefClockCmd                                   Debug/Libraries/STM32F30x_StdPeriph_Driver/src/stm32f30x_rtc.o
RTC_SetAlarm                                      Debug/Libraries/STM32F30x_StdPeriph_Driver/src/stm32f30x_rtc.o
RTC_SetDate                                       Debug/Libraries/STM32F30x_StdPeriph_Driver/src/stm32f30x_rtc.o
RTC_SetTime                                       Debug/Libraries/STM32F30x_StdPeriph_Driver/src/stm32f30x_rtc.o
RTC_SetWakeUpCounter                              Debug/Libraries/STM32F30x_StdPeriph_Driver/src/stm32f30x_rtc.o
RTC_SmoothCalibConfig                             Debug/Libraries/STM32F30x_StdPeriph_Driver/src/stm32f30x_rtc.o
RTC_StructInit                                    Debug/Libraries/STM32F30x_StdPeriph_Driver/src/stm32f30x_rtc.o
RTC_SynchroShiftConfig                            Debug/Libraries/STM32F30x_StdPeriph_Driver/src/stm32f30x_rtc.o
RTC_TamperCmd                                     Debug/Libraries/STM32F30x_StdPeriph_Driver/src/stm32f30x_rtc.o
RTC_TamperFilterConfig                            Debug/Libraries/STM32F30x_StdPeriph_Driver/src/stm32f30x_rtc.o
RTC_TamperPinsPrechargeDuration                   Debug/Libraries/STM32F30x_StdPeriph_Driver/src/stm32f30x_rtc.o
RTC_TamperPullUpCmd                               Debug/Libraries/STM32F30x_StdPeriph_Driver/src/stm32f30x_rtc.o
RTC_TamperSamplingFreqConfig                      Debug/Libraries/STM32F30x_StdPeriph_Driver/src/stm32f30x_rtc.o
RTC_TamperTriggerConfig                           Debug/Libraries/STM32F30x_StdPeriph_Driver/src/stm32f30x_rtc.o
RTC_TimeStampCmd                                  Debug/Libraries/STM32F30x_StdPeriph_Driver/src/stm32f30x_rtc.o
RTC_TimeStampOnTamperDetectionCmd                 Debug/Libraries/STM32F30x_StdPeriph_Driver/src/stm32f30x_rtc.o
RTC_TimeStructInit                                Debug/Libraries/STM32F30x_StdPeriph_Driver/src/stm32f30x_rtc.o
RTC_WKUP_IRQHandler                               Debug/src/startup_stm32f303xe.o
RTC_WaitForSynchro                                Debug/Libraries/STM32F30x_StdPeriph_Driver/src/stm32f30x_rtc.o
RTC_WakeUpClockConfig                             Debug/Libraries/STM32F30x_StdPeriph_Driver/src/stm32f30x_rtc.o
RTC_WakeUpCmd                                     Debug/Libraries/STM32F30x_StdPeriph_Driver/src/stm32f30x_rtc.o
RTC_WriteBackupRegister                           Debug/Libraries/STM32F30x_StdPeriph_Driver/src/stm32f30x_rtc.o
RTC_WriteProtectionCmd                            Debug/Libraries/STM32F30x_StdPeriph_Driver/src/stm32f30x_rtc.o
Reset_Handler                                     Debug/src/startup_stm32f303xe.o
SPI1_IRQHandler                                   Debug/src/startup_stm32f303xe.o
SPI2_IRQHandler                                   Debug/src/startup_stm32f303xe.o
SPI3_IRQHandler                                   Debug/src/startup_stm32f303xe.o
SPI_BiDirectionalLineConfig                       Debug/Libraries/STM32F30x_StdPeriph_Driver/src/stm32f30x_spi.o
SPI_CRCLengthConfig                               Debug/Libraries/STM32F30x_StdPeriph_Driver/src/stm32f30x_spi.o
SPI_CalculateCRC                                  Debug/Libraries/STM32F30x_StdPeriph_Driver/src/stm32f30x_spi.o
SPI_Cmd                                           Debug/Libraries/STM32F30x_StdPeriph_Driver/src/stm32f30x_spi.o
SPI_DataSizeConfig                                Debug/Libraries/STM32F30x_StdPeriph_Driver/src/stm32f30x_spi.o
SPI_GetCRC                                        Debug/Libraries/STM32F30x_StdPeriph_Driver/src/stm32f30x_spi.o
SPI_GetCRCPolynomial                              Debug/Libraries/STM32F30x_StdPeriph_Driver/src/stm32f30x_spi.o
SPI_GetReceptionFIFOStatus                        Debug/Libraries/STM32F30x_StdPeriph_Driver/src/stm32f30x_spi.o
SPI_GetTransmissionFIFOStatus                     Debug/Libraries/STM32F30x_StdPeriph_Driver/src/stm32f30x_spi.o
SPI_I2S_ClearFlag                                 Debug/Libraries/STM32F30x_StdPeriph_Driver/src/stm32f30x_spi.o
SPI_I2S_DMACmd                                    Debug/Libraries/STM32F30x_StdPeriph_Driver/src/stm32f30x_spi.o
SPI_I2S_DeInit                                    Debug/Libraries/STM32F30x_StdPeriph_Driver/src/stm32f30x_spi.o
SPI_I2S_GetFlagStatus                             Debug/Libraries/STM32F30x_StdPeriph_Driver/src/stm32f30x_spi.o
SPI_I2S_GetITStatus                               Debug/Libraries/STM32F30x_StdPeriph_Driver/src/stm32f30x_spi.o
SPI_I2S_ITConfig                                  Debug/Libraries/STM32F30x_StdPeriph_Driver/src/stm32f30x_spi.o
SPI_I2S_ReceiveData16                             Debug/Libraries/STM32F30x_StdPeriph_Driver/src/stm32f30x_spi.o
SPI_I2S_SendData16                                Debug/Libraries/STM32F30x_StdPeriph_Driver/src/stm32f30x_spi.o
SPI_Init                                          Debug/Libraries/STM32F30x_StdPeriph_Driver/src/stm32f30x_spi.o
SPI_LastDMATransferCmd                            Debug/Libraries/STM32F30x_StdPeriph_Driver/src/stm32f30x_spi.o
SPI_NSSInternalSoftwareConfig                     Debug/Libraries/STM32F30x_StdPeriph_Driver/src/stm32f30x_spi.o
SPI_NSSPulseModeCmd                               Debug/Libraries/STM32F30x_StdPeriph_Driver/src/stm32f30x_spi.o
SPI_ReceiveData8                                  Debug/Libraries/STM32F30x_StdPeriph_Driver/src/stm32f30x_spi.o
SPI_RxFIFOThresholdConfig                         Debug/Libraries/STM32F30x_StdPeriph_Driver/src/stm32f30x_spi.o
SPI_SSOutputCmd                                   Debug/Libraries/STM32F30x_StdPeriph_Driver/src/stm32f30x_spi.o
SPI_SendData8                                     Debug/Libraries/STM32F30x_StdPeriph_Driver/src/stm32f30x_spi.o
SPI_StructInit                                    Debug/Libraries/STM32F30x_StdPeriph_Driver/src/stm32f30x_spi.o
SPI_TIModeCmd                                     Debug/Libraries/STM32F30x_StdPeriph_Driver/src/stm32f30x_spi.o
SPI_TransmitCRC                                   Debug/Libraries/STM32F30x_StdPeriph_Driver/src/stm32f30x_spi.o
SVC_Handler                                       Debug/src/stm32f30x_it.o
SYSCFG_ADCTriggerRemapConfig                      Debug/Libraries/STM32F30x_StdPeriph_Driver/src/stm32f30x_syscfg.o
SYSCFG_BreakConfig                                Debug/Libraries/STM32F30x_StdPeriph_Driver/src/stm32f30x_syscfg.o
SYSCFG_BypassParityCheckDisable                   Debug/Libraries/STM32F30x_StdPeriph_Driver/src/stm32f30x_syscfg.o
SYSCFG_ClearFlag                                  Debug/Libraries/STM32F30x_StdPeriph_Driver/src/stm32f30x_syscfg.o
SYSCFG_DMAChannelRemapConfig                      Debug/Libraries/STM32F30x_StdPeriph_Driver/src/stm32f30x_syscfg.o
SYSCFG_DeInit                                     Debug/Libraries/STM32F30x_StdPeriph_Driver/src/stm32f30x_syscfg.o
SYSCFG_EXTILineConfig                             Debug/Libraries/STM32F30x_StdPeriph_Driver/src/stm32f30x_syscfg.o
SYSCFG_EncoderRemapConfig                         Debug/Libraries/STM32F30x_StdPeriph_Driver/src/stm32f30x_syscfg.o
SYSCFG_GetFlagStatus                              Debug/Libraries/STM32F30x_StdPeriph_Driver/src/stm32f30x_syscfg.o
SYSCFG_I2CFastModePlusConfig                      Debug/Libraries/STM32F30x_StdPeriph_Driver/src/stm32f30x_syscfg.o
SYSCFG_ITConfig                                   Debug/Libraries/STM32F30x_StdPeriph_Driver/src/stm32f30x_syscfg.o
SYSCFG_MemoryRemapConfig                          Debug/Libraries/STM32F30x_StdPeriph_Driver/src/stm32f30x_syscfg.o
SYSCFG_SRAMWRPEnable                              Debug/Libraries/STM32F30x_StdPeriph_Driver/src/stm32f30x_syscfg.o
SYSCFG_TriggerRemapConfig                         Debug/Libraries/STM32F30x_StdPeriph_Driver/src/stm32f30x_syscfg.o
SYSCFG_USBInterruptLineRemapCmd                   Debug/Libraries/STM32F30x_StdPeriph_Driver/src/stm32f30x_syscfg.o
SysTick_CLKSourceConfig                           Debug/Libraries/STM32F30x_StdPeriph_Driver/src/stm32f30x_misc.o
SysTick_Handler                                   Debug/src/stm32f30x_it.o
SystemCoreClock                                   Debug/src/system_stm32f30x.o
SystemCoreClockUpdate                             Debug/src/system_stm32f30x.o
SystemInit                                        Debug/src/system_stm32f30x.o
                                                  Debug/src/startup_stm32f303xe.o
TAMPER_STAMP_IRQHandler                           Debug/src/startup_stm32f303xe.o
TIM1_BRK_TIM15_IRQHandler                         Debug/src/startup_stm32f303xe.o
TIM1_CC_IRQHandler                                Debug/src/startup_stm32f303xe.o
TIM1_TRG_COM_TIM17_IRQHandler                     Debug/src/startup_stm32f303xe.o
TIM1_UP_TIM16_IRQHandler                          Debug/src/startup_stm32f303xe.o
TIM2_IRQHandler                                   Debug/src/startup_stm32f303xe.o
TIM3_IRQHandler                                   Debug/src/startup_stm32f303xe.o
TIM4_IRQHandler                                   Debug/src/startup_stm32f303xe.o
TIM6_DAC_IRQHandler                               Debug/src/startup_stm32f303xe.o
TIM7_IRQHandler                                   Debug/src/startup_stm32f303xe.o
TIM8_BRK_IRQHandler                               Debug/src/startup_stm32f303xe.o
TIM8_CC_IRQHandler                                Debug/src/startup_stm32f303xe.o
TIM8_TRG_COM_IRQHandler                           Debug/src/startup_stm32f303xe.o
TIM8_UP_IRQHandler                                Debug/src/startup_stm32f303xe.o
TIM_ARRPreloadConfig                              Debug/Libraries/STM32F30x_StdPeriph_Driver/src/stm32f30x_tim.o
TIM_BDTRConfig                                    Debug/Libraries/STM32F30x_StdPeriph_Driver/src/stm32f30x_tim.o
TIM_BDTRStructInit                                Debug/Libraries/STM32F30x_StdPeriph_Driver/src/stm32f30x_tim.o
TIM_Break1Cmd                                     Debug/Libraries/STM32F30x_StdPeriph_Driver/src/stm32f30x_tim.o
TIM_Break1Config                                  Debug/Libraries/STM32F30x_StdPeriph_Driver/src/stm32f30x_tim.o
TIM_Break2Cmd                                     Debug/Libraries/STM32F30x_StdPeriph_Driver/src/stm32f30x_tim.o
TIM_Break2Config                                  Debug/Libraries/STM32F30x_StdPeriph_Driver/src/stm32f30x_tim.o
TIM_CCPreloadControl                              Debug/Libraries/STM32F30x_StdPeriph_Driver/src/stm32f30x_tim.o
TIM_CCxCmd                                        Debug/Libraries/STM32F30x_StdPeriph_Driver/src/stm32f30x_tim.o
TIM_CCxNCmd                                       Debug/Libraries/STM32F30x_StdPeriph_Driver/src/stm32f30x_tim.o
TIM_ClearFlag                                     Debug/Libraries/STM32F30x_StdPeriph_Driver/src/stm32f30x_tim.o
TIM_ClearITPendingBit                             Debug/Libraries/STM32F30x_StdPeriph_Driver/src/stm32f30x_tim.o
TIM_ClearOC1Ref                                   Debug/Libraries/STM32F30x_StdPeriph_Driver/src/stm32f30x_tim.o
TIM_ClearOC2Ref                                   Debug/Libraries/STM32F30x_StdPeriph_Driver/src/stm32f30x_tim.o
TIM_ClearOC3Ref                                   Debug/Libraries/STM32F30x_StdPeriph_Driver/src/stm32f30x_tim.o
TIM_ClearOC4Ref                                   Debug/Libraries/STM32F30x_StdPeriph_Driver/src/stm32f30x_tim.o
TIM_ClearOC5Ref                                   Debug/Libraries/STM32F30x_StdPeriph_Driver/src/stm32f30x_tim.o
TIM_ClearOC6Ref                                   Debug/Libraries/STM32F30x_StdPeriph_Driver/src/stm32f30x_tim.o
TIM_Cmd                                           Debug/Libraries/STM32F30x_StdPeriph_Driver/src/stm32f30x_tim.o
TIM_CounterModeConfig                             Debug/Libraries/STM32F30x_StdPeriph_Driver/src/stm32f30x_tim.o
TIM_CtrlPWMOutputs                                Debug/Libraries/STM32F30x_StdPeriph_Driver/src/stm32f30x_tim.o
TIM_DMACmd                                        Debug/Libraries/STM32F30x_StdPeriph_Driver/src/stm32f30x_tim.o
TIM_DMAConfig                                     Debug/Libraries/STM32F30x_StdPeriph_Driver/src/stm32f30x_tim.o
TIM_DeInit                                        Debug/Libraries/STM32F30x_StdPeriph_Driver/src/stm32f30x_tim.o
TIM_ETRClockMode1Config                           Debug/Libraries/STM32F30x_StdPeriph_Driver/src/stm32f30x_tim.o
TIM_ETRClockMode2Config                           Debug/Libraries/STM32F30x_StdPeriph_Driver/src/stm32f30x_tim.o
TIM_ETRConfig                                     Debug/Libraries/STM32F30x_StdPeriph_Driver/src/stm32f30x_tim.o
TIM_EncoderInterfaceConfig                        Debug/Libraries/STM32F30x_StdPeriph_Driver/src/stm32f30x_tim.o
TIM_ForcedOC1Config                               Debug/Libraries/STM32F30x_StdPeriph_Driver/src/stm32f30x_tim.o
TIM_ForcedOC2Config                               Debug/Libraries/STM32F30x_StdPeriph_Driver/src/stm32f30x_tim.o
TIM_ForcedOC3Config                               Debug/Libraries/STM32F30x_StdPeriph_Driver/src/stm32f30x_tim.o
TIM_ForcedOC4Config                               Debug/Libraries/STM32F30x_StdPeriph_Driver/src/stm32f30x_tim.o
TIM_ForcedOC5Config                               Debug/Libraries/STM32F30x_StdPeriph_Driver/src/stm32f30x_tim.o
TIM_ForcedOC6Config                               Debug/Libraries/STM32F30x_StdPeriph_Driver/src/stm32f30x_tim.o
TIM_GenerateEvent                                 Debug/Libraries/STM32F30x_StdPeriph_Driver/src/stm32f30x_tim.o
TIM_GetCapture1                                   Debug/Libraries/STM32F30x_StdPeriph_Driver/src/stm32f30x_tim.o
TIM_GetCapture2                                   Debug/Libraries/STM32F30x_StdPeriph_Driver/src/stm32f30x_tim.o
TIM_GetCapture3                                   Debug/Libraries/STM32F30x_StdPeriph_Driver/src/stm32f30x_tim.o
TIM_GetCapture4                                   Debug/Libraries/STM32F30x_StdPeriph_Driver/src/stm32f30x_tim.o
TIM_GetCounter                                    Debug/Libraries/STM32F30x_StdPeriph_Driver/src/stm32f30x_tim.o
TIM_GetFlagStatus                                 Debug/Libraries/STM32F30x_StdPeriph_Driver/src/stm32f30x_tim.o
TIM_GetITStatus                                   Debug/Libraries/STM32F30x_StdPeriph_Driver/src/stm32f30x_tim.o
TIM_GetPrescaler                                  Debug/Libraries/STM32F30x_StdPeriph_Driver/src/stm32f30x_tim.o
TIM_ICInit                                        Debug/Libraries/STM32F30x_StdPeriph_Driver/src/stm32f30x_tim.o